Archive member included to satisfy reference by file (symbol)

c:/progra~2/gnuarm~1/102021~1.10/bin/../lib/gcc/arm-none-eabi/10.3.1/thumb/v6-m/nofp\libgcc.a(_dvmd_tls.o)
                              CMakeFiles/pico_speed_tests.dir/C_/Users/Cameron/Documents/Pico/pico-sdk/src/rp2_common/pico_divider/divider.S.obj (__aeabi_idiv0)
c:/progra~2/gnuarm~1/102021~1.10/bin/../lib/gcc/arm-none-eabi/10.3.1/thumb/v6-m/nofp\libgcc.a(unwind-arm.o)
                              CMakeFiles/pico_speed_tests.dir/pico_speed_tests.cpp.obj (__aeabi_unwind_cpp_pr0)
c:/progra~2/gnuarm~1/102021~1.10/bin/../lib/gcc/arm-none-eabi/10.3.1/thumb/v6-m/nofp\libgcc.a(libunwind.o)
                              c:/progra~2/gnuarm~1/102021~1.10/bin/../lib/gcc/arm-none-eabi/10.3.1/thumb/v6-m/nofp\libgcc.a(unwind-arm.o) (restore_core_regs)
c:/progra~2/gnuarm~1/102021~1.10/bin/../lib/gcc/arm-none-eabi/10.3.1/thumb/v6-m/nofp\libgcc.a(pr-support.o)
                              c:/progra~2/gnuarm~1/102021~1.10/bin/../lib/gcc/arm-none-eabi/10.3.1/thumb/v6-m/nofp\libgcc.a(unwind-arm.o) (__gnu_unwind_execute)
c:/progra~2/gnuarm~1/102021~1.10/bin/../lib/gcc/arm-none-eabi/10.3.1/../../../../arm-none-eabi/lib/thumb/v6-m/nofp\libg.a(lib_a-abort.o)
                              c:/progra~2/gnuarm~1/102021~1.10/bin/../lib/gcc/arm-none-eabi/10.3.1/thumb/v6-m/nofp\libgcc.a(unwind-arm.o) (abort)
c:/progra~2/gnuarm~1/102021~1.10/bin/../lib/gcc/arm-none-eabi/10.3.1/../../../../arm-none-eabi/lib/thumb/v6-m/nofp\libg.a(lib_a-calloc.o)
                              CMakeFiles/pico_speed_tests.dir/C_/Users/Cameron/Documents/Pico/pico-sdk/src/rp2_common/pico_malloc/pico_malloc.c.obj (calloc)
c:/progra~2/gnuarm~1/102021~1.10/bin/../lib/gcc/arm-none-eabi/10.3.1/../../../../arm-none-eabi/lib/thumb/v6-m/nofp\libg.a(lib_a-callocr.o)
                              c:/progra~2/gnuarm~1/102021~1.10/bin/../lib/gcc/arm-none-eabi/10.3.1/../../../../arm-none-eabi/lib/thumb/v6-m/nofp\libg.a(lib_a-calloc.o) (_calloc_r)
c:/progra~2/gnuarm~1/102021~1.10/bin/../lib/gcc/arm-none-eabi/10.3.1/../../../../arm-none-eabi/lib/thumb/v6-m/nofp\libg.a(lib_a-ctype_.o)
                              CMakeFiles/pico_speed_tests.dir/C_/Users/Cameron/Documents/Pico/pico-sdk/lib/tinyusb/src/tusb.c.obj (_ctype_)
c:/progra~2/gnuarm~1/102021~1.10/bin/../lib/gcc/arm-none-eabi/10.3.1/../../../../arm-none-eabi/lib/thumb/v6-m/nofp\libg.a(lib_a-errno.o)
                              c:/progra~2/gnuarm~1/102021~1.10/bin/../lib/gcc/arm-none-eabi/10.3.1/../../../../arm-none-eabi/lib/thumb/v6-m/nofp\libg.a(lib_a-callocr.o) (__errno)
c:/progra~2/gnuarm~1/102021~1.10/bin/../lib/gcc/arm-none-eabi/10.3.1/../../../../arm-none-eabi/lib/thumb/v6-m/nofp\libg.a(lib_a-impure.o)
                              c:/progra~2/gnuarm~1/102021~1.10/bin/../lib/gcc/arm-none-eabi/10.3.1/../../../../arm-none-eabi/lib/thumb/v6-m/nofp\libg.a(lib_a-calloc.o) (_impure_ptr)
c:/progra~2/gnuarm~1/102021~1.10/bin/../lib/gcc/arm-none-eabi/10.3.1/../../../../arm-none-eabi/lib/thumb/v6-m/nofp\libg.a(lib_a-init.o)
                              c:/progra~2/gnuarm~1/102021~1.10/bin/../lib/gcc/arm-none-eabi/10.3.1/../../../../arm-none-eabi/lib/thumb/v6-m/nofp/crt0.o (__libc_init_array)
c:/progra~2/gnuarm~1/102021~1.10/bin/../lib/gcc/arm-none-eabi/10.3.1/../../../../arm-none-eabi/lib/thumb/v6-m/nofp\libg.a(lib_a-malloc.o)
                              CMakeFiles/pico_speed_tests.dir/C_/Users/Cameron/Documents/Pico/pico-sdk/src/rp2_common/pico_malloc/pico_malloc.c.obj (malloc)
c:/progra~2/gnuarm~1/102021~1.10/bin/../lib/gcc/arm-none-eabi/10.3.1/../../../../arm-none-eabi/lib/thumb/v6-m/nofp\libg.a(lib_a-mallocr.o)
                              c:/progra~2/gnuarm~1/102021~1.10/bin/../lib/gcc/arm-none-eabi/10.3.1/../../../../arm-none-eabi/lib/thumb/v6-m/nofp\libg.a(lib_a-callocr.o) (_malloc_r)
c:/progra~2/gnuarm~1/102021~1.10/bin/../lib/gcc/arm-none-eabi/10.3.1/../../../../arm-none-eabi/lib/thumb/v6-m/nofp\libg.a(lib_a-mlock.o)
                              c:/progra~2/gnuarm~1/102021~1.10/bin/../lib/gcc/arm-none-eabi/10.3.1/../../../../arm-none-eabi/lib/thumb/v6-m/nofp\libg.a(lib_a-mallocr.o) (__malloc_lock)
c:/progra~2/gnuarm~1/102021~1.10/bin/../lib/gcc/arm-none-eabi/10.3.1/../../../../arm-none-eabi/lib/thumb/v6-m/nofp\libg.a(lib_a-sbrkr.o)
                              c:/progra~2/gnuarm~1/102021~1.10/bin/../lib/gcc/arm-none-eabi/10.3.1/../../../../arm-none-eabi/lib/thumb/v6-m/nofp\libg.a(lib_a-mallocr.o) (_sbrk_r)
c:/progra~2/gnuarm~1/102021~1.10/bin/../lib/gcc/arm-none-eabi/10.3.1/../../../../arm-none-eabi/lib/thumb/v6-m/nofp\libg.a(lib_a-signal.o)
                              c:/progra~2/gnuarm~1/102021~1.10/bin/../lib/gcc/arm-none-eabi/10.3.1/../../../../arm-none-eabi/lib/thumb/v6-m/nofp\libg.a(lib_a-abort.o) (raise)
c:/progra~2/gnuarm~1/102021~1.10/bin/../lib/gcc/arm-none-eabi/10.3.1/../../../../arm-none-eabi/lib/thumb/v6-m/nofp\libg.a(lib_a-signalr.o)
[...]
Memory Configuration

Name             Origin             Length             Attributes
FLASH            0x10000000         0x00200000         xr
RAM              0x20000000         0x00040000         xrw
SCRATCH_X        0x20040000         0x00001000         xrw
SCRATCH_Y        0x20041000         0x00001000         xrw
*default*        0x00000000         0xffffffff

Linker script and memory map

LOAD c:/progra~2/gnuarm~1/102021~1.10/bin/../lib/gcc/arm-none-eabi/10.3.1/thumb/v6-m/nofp/crti.o
LOAD c:/progra~2/gnuarm~1/102021~1.10/bin/../lib/gcc/arm-none-eabi/10.3.1/thumb/v6-m/nofp/crtbegin.o
LOAD c:/progra~2/gnuarm~1/102021~1.10/bin/../lib/gcc/arm-none-eabi/10.3.1/../../../../arm-none-eabi/lib/thumb/v6-m/nofp/crt0.o

.flash_begin    0x10000000        0x0
                0x10000000                __flash_binary_start = .

.boot2          0x10000000      0x100
                0x10000000                __boot2_start__ = .
 *(.boot2)
 .boot2         0x10000000      0x100 C:\Users\Cameron\AppData\Local\Temp\ccQgRYFT.o
                0x10000100                __boot2_end__ = .
                0x00000001                ASSERT (((__boot2_end__ - __boot2_start__) == 0x100), ERROR: Pico second stage bootloader must be 256 bytes in size)

.text           0x10000100     0x7590
                0x10000100                __logical_binary_start = .
 *(.vectors)
 .vectors       0x10000100       0xd4 CMakeFiles/pico_speed_tests.dir/C_/Users/Cameron/Documents/Pico/pico-sdk/src/rp2_common/pico_standard_link/crt0.S.obj
                0x10000100                __VECTOR_TABLE
                0x10000100                __vectors
                0x100001c0                isr_invalid
                0x100001c0                __default_isrs_start
                0x100001c2                isr_nmi
                0x100001c4                isr_hardfault
                0x100001c6                isr_svcall
                0x100001c8                isr_pendsv
                0x100001ca                isr_systick
                0x100001cc                isr_irq23
                0x100001cc                isr_irq18
                0x100001cc                isr_irq11
                0x100001cc                isr_irq28
                0x100001cc                isr_irq19
                0x100001cc                isr_irq0
                0x100001cc                isr_irq6
                0x100001cc                isr_irq5
                0x100001cc                isr_irq12
                0x100001cc                isr_irq22
                0x100001cc                isr_irq31
                0x100001cc                isr_irq17
                0x100001cc                isr_irq27
                0x100001cc                isr_irq30
                0x100001cc                isr_irq2
                0x100001cc                isr_irq10
                0x100001cc                isr_irq8
                0x100001cc                isr_irq24
                0x100001cc                isr_irq1
                0x100001cc                isr_irq7
                0x100001cc                isr_irq21
                0x100001cc                isr_irq20
                0x100001cc                isr_irq15
                0x100001cc                isr_irq25
                0x100001cc                isr_irq13
                0x100001cc                __unhandled_user_irq
                0x100001cc                isr_irq4
                0x100001cc                isr_irq16
                0x100001cc                isr_irq29
                0x100001cc                isr_irq26
                0x100001cc                __default_isrs_end
                0x100001cc                isr_irq3
                0x100001cc                isr_irq14
                0x100001cc                isr_irq9
                0x100001d2                unhandled_user_irq_num_in_r0
 *(.binary_info_header)
 .binary_info_header
                0x100001d4       0x14 CMakeFiles/pico_speed_tests.dir/C_/Users/Cameron/Documents/Pico/pico-sdk/src/rp2_common/pico_standard_link/crt0.S.obj
                0x100001e8                __binary_info_header_end = .
 *(.reset)
 .reset         0x100001e8       0xa8 CMakeFiles/pico_speed_tests.dir/C_/Users/Cameron/Documents/Pico/pico-sdk/src/rp2_common/pico_standard_link/crt0.S.obj
                0x100001e8                _entry_point
                0x10000266                __get_current_exception
 .reset         0x10000290       0x30 CMakeFiles/pico_speed_tests.dir/C_/Users/Cameron/Documents/Pico/pico-sdk/src/rp2_common/pico_standard_link/binary_info.c.obj
 *(.init)
 .init          0x100002c0        0x4 c:/progra~2/gnuarm~1/102021~1.10/bin/../lib/gcc/arm-none-eabi/10.3.1/thumb/v6-m/nofp/crti.o
                0x100002c0                _init
 *(EXCLUDE_FILE(*libm.a: *libc.a:*lib_a-mem*.o *libgcc.a:) .text*)
 .text          0x100002c4       0x48 c:/progra~2/gnuarm~1/102021~1.10/bin/../lib/gcc/arm-none-eabi/10.3.1/thumb/v6-m/nofp/crtbegin.o
 .text._Z19float_mul_gr_0_testm
                0x1000030c       0xa4 CMakeFiles/pico_speed_tests.dir/pico_speed_tests.cpp.obj
                0x1000030c                float_mul_gr_0_test(unsigned long)
 .text._Z19float_mul_ls_0_testm
                0x100003b0       0xa4 CMakeFiles/pico_speed_tests.dir/pico_speed_tests.cpp.obj
                0x100003b0                float_mul_ls_0_test(unsigned long)
 .text._Z19float_div_ls_0_testm
                0x10000454       0xa4 CMakeFiles/pico_speed_tests.dir/pico_speed_tests.cpp.obj
                0x10000454                float_div_ls_0_test(unsigned long)
 .text._Z19float_div_gr_0_testm
                0x100004f8       0xa4 CMakeFiles/pico_speed_tests.dir/pico_speed_tests.cpp.obj
                0x100004f8                float_div_gr_0_test(unsigned long)
 .text._Z19float_add_gr_0_testm
                0x1000059c       0xa4 CMakeFiles/pico_speed_tests.dir/pico_speed_tests.cpp.obj
                0x1000059c                float_add_gr_0_test(unsigned long)
 .text._Z19float_add_ls_0_testm
                0x10000640       0xa4 CMakeFiles/pico_speed_tests.dir/pico_speed_tests.cpp.obj
                0x10000640                float_add_ls_0_test(unsigned long)
 .text.main     0x100006e4       0x6c CMakeFiles/pico_speed_tests.dir/pico_speed_tests.cpp.obj
                0x100006e4                main
 .text.set_sys_clock_pll
                0x10000750       0x78 CMakeFiles/pico_speed_tests.dir/C_/Users/Cameron/Documents/Pico/pico-sdk/src/rp2_common/pico_stdlib/stdlib.c.obj
                0x10000750                set_sys_clock_pll
 .text.check_sys_clock_khz
                0x100007c8       0xb0 CMakeFiles/pico_speed_tests.dir/C_/Users/Cameron/Documents/Pico/pico-sdk/src/rp2_common/pico_stdlib/stdlib.c.obj
                0x100007c8                check_sys_clock_khz
 .text.hw_claim_lock
                0x10000878       0x18 CMakeFiles/pico_speed_tests.dir/C_/Users/Cameron/Documents/Pico/pico-sdk/src/rp2_common/hardware_claim/claim.c.obj
                0x10000878                hw_claim_lock
 .text.hw_claim_unlock
                0x10000890       0x14 CMakeFiles/pico_speed_tests.dir/C_/Users/Cameron/Documents/Pico/pico-sdk/src/rp2_common/hardware_claim/claim.c.obj
                0x10000890                hw_claim_unlock
 .text.hw_claim_or_assert
                0x100008a4       0x32 CMakeFiles/pico_speed_tests.dir/C_/Users/Cameron/Documents/Pico/pico-sdk/src/rp2_common/hardware_claim/claim.c.obj
                0x100008a4                hw_claim_or_assert
 .text.hw_claim_unused_from_range
                0x100008d6       0x50 CMakeFiles/pico_speed_tests.dir/C_/Users/Cameron/Documents/Pico/pico-sdk/src/rp2_common/hardware_claim/claim.c.obj
                0x100008d6                hw_claim_unused_from_range
 *fill*         0x10000926        0x2 
 .text.running_on_fpga
                0x10000928       0x14 CMakeFiles/pico_speed_tests.dir/C_/Users/Cameron/Documents/Pico/pico-sdk/src/rp2_common/pico_platform/platform.c.obj
                0x10000928                running_on_fpga
 .text.spin_locks_reset
                0x1000093c       0x20 CMakeFiles/pico_speed_tests.dir/C_/Users/Cameron/Documents/Pico/pico-sdk/src/rp2_common/hardware_sync/sync.c.obj
                0x1000093c                spin_locks_reset
 .text.next_striped_spin_lock_num
                0x1000095c       0x1c CMakeFiles/pico_speed_tests.dir/C_/Users/Cameron/Documents/Pico/pico-sdk/src/rp2_common/hardware_sync/sync.c.obj
                0x1000095c                next_striped_spin_lock_num
 .text.spin_lock_claim_unused
                0x10000978       0x20 CMakeFiles/pico_speed_tests.dir/C_/Users/Cameron/Documents/Pico/pico-sdk/src/rp2_common/hardware_sync/sync.c.obj
                0x10000978                spin_lock_claim_unused
 .text.alarm_pool_post_alloc_init
                0x10000998       0x40 CMakeFiles/pico_speed_tests.dir/C_/Users/Cameron/Documents/Pico/pico-sdk/src/common/pico_time/time.c.obj
 .text.sleep_until_callback
                0x100009d8       0x30 CMakeFiles/pico_speed_tests.dir/C_/Users/Cameron/Documents/Pico/pico-sdk/src/common/pico_time/time.c.obj
 .text.timer_pool_entry_comparator
                0x10000a08       0x7c CMakeFiles/pico_speed_tests.dir/C_/Users/Cameron/Documents/Pico/pico-sdk/src/common/pico_time/time.c.obj
                0x10000a08                timer_pool_entry_comparator
 .text.ph_add_child_node
                0x10000a84       0xa4 CMakeFiles/pico_speed_tests.dir/C_/Users/Cameron/Documents/Pico/pico-sdk/src/common/pico_time/time.c.obj
 .text.ph_merge_nodes
                0x10000b28       0x3e CMakeFiles/pico_speed_tests.dir/C_/Users/Cameron/Documents/Pico/pico-sdk/src/common/pico_time/time.c.obj
 *fill*         0x10000b66        0x2 
 .text.add_alarm_under_lock
                0x10000b68      0x174 CMakeFiles/pico_speed_tests.dir/C_/Users/Cameron/Documents/Pico/pico-sdk/src/common/pico_time/time.c.obj
 .text.alarm_pool_alarm_callback
                0x10000cdc      0x328 CMakeFiles/pico_speed_tests.dir/C_/Users/Cameron/Documents/Pico/pico-sdk/src/common/pico_time/time.c.obj
 .text.alarm_pool_init_default
                0x10001004       0x38 CMakeFiles/pico_speed_tests.dir/C_/Users/Cameron/Documents/Pico/pico-sdk/src/common/pico_time/time.c.obj
                0x10001004                alarm_pool_init_default
 .text.alarm_pool_get_default
                0x1000103c       0x2c CMakeFiles/pico_speed_tests.dir/C_/Users/Cameron/Documents/Pico/pico-sdk/src/common/pico_time/time.c.obj
                0x1000103c                alarm_pool_get_default
 .text.alarm_pool_add_alarm_at
                0x10001068      0x170 CMakeFiles/pico_speed_tests.dir/C_/Users/Cameron/Documents/Pico/pico-sdk/src/common/pico_time/time.c.obj
                0x10001068                alarm_pool_add_alarm_at
 .text.alarm_pool_cancel_alarm
                0x100011d8       0xf0 CMakeFiles/pico_speed_tests.dir/C_/Users/Cameron/Documents/Pico/pico-sdk/src/common/pico_time/time.c.obj
                0x100011d8                alarm_pool_cancel_alarm
 .text.sleep_until
                0x100012c8       0xfc CMakeFiles/pico_speed_tests.dir/C_/Users/Cameron/Documents/Pico/pico-sdk/src/common/pico_time/time.c.obj
                0x100012c8                sleep_until
 .text.sleep_us
                0x100013c4       0x58 CMakeFiles/pico_speed_tests.dir/C_/Users/Cameron/Documents/Pico/pico-sdk/src/common/pico_time/time.c.obj
                0x100013c4                sleep_us
 .text.sleep_ms
                0x1000141c       0x14 CMakeFiles/pico_speed_tests.dir/C_/Users/Cameron/Documents/Pico/pico-sdk/src/common/pico_time/time.c.obj
                0x1000141c                sleep_ms
 .text.best_effort_wfe_or_timeout
                0x10001430       0x80 CMakeFiles/pico_speed_tests.dir/C_/Users/Cameron/Documents/Pico/pico-sdk/src/common/pico_time/time.c.obj
                0x10001430                best_effort_wfe_or_timeout
 .text.hardware_alarm_irq_handler
                0x100014b0       0x8c CMakeFiles/pico_speed_tests.dir/C_/Users/Cameron/Documents/Pico/pico-sdk/src/rp2_common/hardware_timer/timer.c.obj
 .text.hardware_alarm_claim
                0x1000153c       0x18 CMakeFiles/pico_speed_tests.dir/C_/Users/Cameron/Documents/Pico/pico-sdk/src/rp2_common/hardware_timer/timer.c.obj
                0x1000153c                hardware_alarm_claim
 .text.time_us_64
                0x10001554       0x18 CMakeFiles/pico_speed_tests.dir/C_/Users/Cameron/Documents/Pico/pico-sdk/src/rp2_common/hardware_timer/timer.c.obj
                0x10001554                time_us_64
 .text.busy_wait_until
                0x1000156c       0x28 CMakeFiles/pico_speed_tests.dir/C_/Users/Cameron/Documents/Pico/pico-sdk/src/rp2_common/hardware_timer/timer.c.obj
                0x1000156c                busy_wait_until
 .text.hardware_alarm_set_callback
                0x10001594       0x90 CMakeFiles/pico_speed_tests.dir/C_/Users/Cameron/Documents/Pico/pico-sdk/src/rp2_common/hardware_timer/timer.c.obj
                0x10001594                hardware_alarm_set_callback
 .text.hardware_alarm_set_target
                0x10001624       0xe8 CMakeFiles/pico_speed_tests.dir/C_/Users/Cameron/Documents/Pico/pico-sdk/src/rp2_common/hardware_timer/timer.c.obj
                0x10001624                hardware_alarm_set_target
 .text.hardware_alarm_cancel
                0x1000170c       0x40 CMakeFiles/pico_speed_tests.dir/C_/Users/Cameron/Documents/Pico/pico-sdk/src/rp2_common/hardware_timer/timer.c.obj
                0x1000170c                hardware_alarm_cancel
 .text.lock_init
                0x1000174c       0x10 CMakeFiles/pico_speed_tests.dir/C_/Users/Cameron/Documents/Pico/pico-sdk/src/common/pico_sync/lock_core.c.obj
                0x1000174c                lock_init
 .text.mutex_init
                0x1000175c       0x1a CMakeFiles/pico_speed_tests.dir/C_/Users/Cameron/Documents/Pico/pico-sdk/src/common/pico_sync/mutex.c.obj
                0x1000175c                mutex_init
 .text.recursive_mutex_init
                0x10001776       0x1e CMakeFiles/pico_speed_tests.dir/C_/Users/Cameron/Documents/Pico/pico-sdk/src/common/pico_sync/mutex.c.obj
                0x10001776                recursive_mutex_init
 .text.critical_section_init_with_lock_num
                0x10001794       0x14 CMakeFiles/pico_speed_tests.dir/C_/Users/Cameron/Documents/Pico/pico-sdk/src/common/pico_sync/critical_section.c.obj
                0x10001794                critical_section_init_with_lock_num
 .text.critical_section_init
                0x100017a8       0x14 CMakeFiles/pico_speed_tests.dir/C_/Users/Cameron/Documents/Pico/pico-sdk/src/common/pico_sync/critical_section.c.obj
                0x100017a8                critical_section_init
 .text.ph_add_child_node
                0x100017bc       0xa4 CMakeFiles/pico_speed_tests.dir/C_/Users/Cameron/Documents/Pico/pico-sdk/src/common/pico_util/pheap.c.obj
 .text.ph_merge_nodes
                0x10001860       0x3e CMakeFiles/pico_speed_tests.dir/C_/Users/Cameron/Documents/Pico/pico-sdk/src/common/pico_util/pheap.c.obj
 *fill*         0x1000189e        0x2 
 .text.ph_clear
                0x100018a0       0x70 CMakeFiles/pico_speed_tests.dir/C_/Users/Cameron/Documents/Pico/pico-sdk/src/common/pico_util/pheap.c.obj
                0x100018a0                ph_clear
 .text.ph_post_alloc_init
                0x10001910        0xe CMakeFiles/pico_speed_tests.dir/C_/Users/Cameron/Documents/Pico/pico-sdk/src/common/pico_util/pheap.c.obj
                0x10001910                ph_post_alloc_init
 *fill*         0x1000191e        0x2 
 .text.ph_merge_two_pass
                0x10001920       0xa8 CMakeFiles/pico_speed_tests.dir/C_/Users/Cameron/Documents/Pico/pico-sdk/src/common/pico_util/pheap.c.obj
                0x10001920                ph_merge_two_pass
 .text.ph_remove_any_head
                0x100019c8      0x108 CMakeFiles/pico_speed_tests.dir/C_/Users/Cameron/Documents/Pico/pico-sdk/src/common/pico_util/pheap.c.obj
 .text.ph_remove_head
                0x10001ad0       0x14 CMakeFiles/pico_speed_tests.dir/C_/Users/Cameron/Documents/Pico/pico-sdk/src/common/pico_util/pheap.c.obj
                0x10001ad0                ph_remove_head
 .text.ph_remove_and_free_node
                0x10001ae4       0xf8 CMakeFiles/pico_speed_tests.dir/C_/Users/Cameron/Documents/Pico/pico-sdk/src/common/pico_util/pheap.c.obj
                0x10001ae4                ph_remove_and_free_node
 .text._exit    0x10001bdc        0x4 CMakeFiles/pico_speed_tests.dir/C_/Users/Cameron/Documents/Pico/pico-sdk/src/rp2_common/pico_runtime/runtime.c.obj
                0x10001bdc                _exit
 .text.exit     0x10001be0        0x6 CMakeFiles/pico_speed_tests.dir/C_/Users/Cameron/Documents/Pico/pico-sdk/src/rp2_common/pico_runtime/runtime.c.obj
                0x10001be0                exit
 *fill*         0x10001be6        0x2 
 .text.__assert_func
                0x10001be8       0x3c CMakeFiles/pico_speed_tests.dir/C_/Users/Cameron/Documents/Pico/pico-sdk/src/rp2_common/pico_runtime/runtime.c.obj
                0x10001be8                __assert_func
 .text.runtime_init
                0x10001c24       0xf8 CMakeFiles/pico_speed_tests.dir/C_/Users/Cameron/Documents/Pico/pico-sdk/src/rp2_common/pico_runtime/runtime.c.obj
                0x10001c24                runtime_init
 .text.panic    0x10001d1c       0x30 CMakeFiles/pico_speed_tests.dir/C_/Users/Cameron/Documents/Pico/pico-sdk/src/rp2_common/pico_runtime/runtime.c.obj
                0x10001d1c                panic
 .text.clock_configure
                0x10001d4c      0x104 CMakeFiles/pico_speed_tests.dir/C_/Users/Cameron/Documents/Pico/pico-sdk/src/rp2_common/hardware_clocks/clocks.c.obj
                0x10001d4c                clock_configure
 .text.clocks_init
                0x10001e50      0x100 CMakeFiles/pico_speed_tests.dir/C_/Users/Cameron/Documents/Pico/pico-sdk/src/rp2_common/hardware_clocks/clocks.c.obj
                0x10001e50                clocks_init
 .text.clock_get_hz
                0x10001f50        0xc CMakeFiles/pico_speed_tests.dir/C_/Users/Cameron/Documents/Pico/pico-sdk/src/rp2_common/hardware_clocks/clocks.c.obj
                0x10001f50                clock_get_hz
 .text.set_raw_irq_handler_and_unlock
                0x10001f5c       0x28 CMakeFiles/pico_speed_tests.dir/C_/Users/Cameron/Documents/Pico/pico-sdk/src/rp2_common/hardware_irq/irq.c.obj
 .text.make_branch
                0x10001f84       0x34 CMakeFiles/pico_speed_tests.dir/C_/Users/Cameron/Documents/Pico/pico-sdk/src/rp2_common/hardware_irq/irq.c.obj
 .text.insert_branch_and_link
                0x10001fb8       0x40 CMakeFiles/pico_speed_tests.dir/C_/Users/Cameron/Documents/Pico/pico-sdk/src/rp2_common/hardware_irq/irq.c.obj
 .text.irq_is_enabled
                0x10001ff8       0x18 CMakeFiles/pico_speed_tests.dir/C_/Users/Cameron/Documents/Pico/pico-sdk/src/rp2_common/hardware_irq/irq.c.obj
                0x10001ff8                irq_is_enabled
 .text.irq_set_mask_enabled
                0x10002010       0x20 CMakeFiles/pico_speed_tests.dir/C_/Users/Cameron/Documents/Pico/pico-sdk/src/rp2_common/hardware_irq/irq.c.obj
                0x10002010                irq_set_mask_enabled
 .text.irq_set_enabled
                0x10002030        0xe CMakeFiles/pico_speed_tests.dir/C_/Users/Cameron/Documents/Pico/pico-sdk/src/rp2_common/hardware_irq/irq.c.obj
                0x10002030                irq_set_enabled
 *fill*         0x1000203e        0x2 
 .text.irq_set_pending
                0x10002040       0x10 CMakeFiles/pico_speed_tests.dir/C_/Users/Cameron/Documents/Pico/pico-sdk/src/rp2_common/hardware_irq/irq.c.obj
                0x10002040                irq_set_pending
 .text.irq_get_vtable_handler
                0x10002050       0x10 CMakeFiles/pico_speed_tests.dir/C_/Users/Cameron/Documents/Pico/pico-sdk/src/rp2_common/hardware_irq/irq.c.obj
                0x10002050                irq_get_vtable_handler
 .text.irq_set_exclusive_handler
                0x10002060       0x54 CMakeFiles/pico_speed_tests.dir/C_/Users/Cameron/Documents/Pico/pico-sdk/src/rp2_common/hardware_irq/irq.c.obj
                0x10002060                irq_set_exclusive_handler
 .text.irq_remove_handler
                0x100020b4      0x1ac CMakeFiles/pico_speed_tests.dir/C_/Users/Cameron/Documents/Pico/pico-sdk/src/rp2_common/hardware_irq/irq.c.obj
                0x100020b4                irq_remove_handler
 .text.irq_add_tail_to_free_list
                0x10002260       0xf0 CMakeFiles/pico_speed_tests.dir/C_/Users/Cameron/Documents/Pico/pico-sdk/src/rp2_common/hardware_irq/irq.c.obj
                0x10002260                irq_add_tail_to_free_list
 .text.irq_init_priorities
                0x10002350       0x1c CMakeFiles/pico_speed_tests.dir/C_/Users/Cameron/Documents/Pico/pico-sdk/src/rp2_common/hardware_irq/irq.c.obj
                0x10002350                irq_init_priorities
 .text.pll_init
                0x1000236c      0x118 CMakeFiles/pico_speed_tests.dir/C_/Users/Cameron/Documents/Pico/pico-sdk/src/rp2_common/hardware_pll/pll.c.obj
                0x1000236c                pll_init
 .text.watchdog_start_tick
                0x10002484       0x10 CMakeFiles/pico_speed_tests.dir/C_/Users/Cameron/Documents/Pico/pico-sdk/src/rp2_common/hardware_watchdog/watchdog.c.obj
                0x10002484                watchdog_start_tick
 .text.watchdog_update
                0x10002494       0x14 CMakeFiles/pico_speed_tests.dir/C_/Users/Cameron/Documents/Pico/pico-sdk/src/rp2_common/hardware_watchdog/watchdog.c.obj
                0x10002494                watchdog_update
 .text._watchdog_enable
                0x100024a8       0x78 CMakeFiles/pico_speed_tests.dir/C_/Users/Cameron/Documents/Pico/pico-sdk/src/rp2_common/hardware_watchdog/watchdog.c.obj
                0x100024a8                _watchdog_enable
 .text.watchdog_reboot
                0x10002520       0x48 CMakeFiles/pico_speed_tests.dir/C_/Users/Cameron/Documents/Pico/pico-sdk/src/rp2_common/hardware_watchdog/watchdog.c.obj
                0x10002520                watchdog_reboot
 .text.xosc_init
                0x10002568       0x28 CMakeFiles/pico_speed_tests.dir/C_/Users/Cameron/Documents/Pico/pico-sdk/src/rp2_common/hardware_xosc/xosc.c.obj
                0x10002568                xosc_init
 .text._out_null
                0x10002590        0x2 CMakeFiles/pico_speed_tests.dir/C_/Users/Cameron/Documents/Pico/pico-sdk/src/rp2_common/pico_printf/printf.c.obj
 .text._out_fct
                0x10002592        0xe CMakeFiles/pico_speed_tests.dir/C_/Users/Cameron/Documents/Pico/pico-sdk/src/rp2_common/pico_printf/printf.c.obj
 .text._atoi    0x100025a0       0x24 CMakeFiles/pico_speed_tests.dir/C_/Users/Cameron/Documents/Pico/pico-sdk/src/rp2_common/pico_printf/printf.c.obj
 .text._out_rev
                0x100025c4       0xae CMakeFiles/pico_speed_tests.dir/C_/Users/Cameron/Documents/Pico/pico-sdk/src/rp2_common/pico_printf/printf.c.obj
 .text._ntoa_format
                0x10002672      0x112 CMakeFiles/pico_speed_tests.dir/C_/Users/Cameron/Documents/Pico/pico-sdk/src/rp2_common/pico_printf/printf.c.obj
 .text._ntoa_long
                0x10002784       0xbc CMakeFiles/pico_speed_tests.dir/C_/Users/Cameron/Documents/Pico/pico-sdk/src/rp2_common/pico_printf/printf.c.obj
 .text._ntoa_long_long
                0x10002840       0xe2 CMakeFiles/pico_speed_tests.dir/C_/Users/Cameron/Documents/Pico/pico-sdk/src/rp2_common/pico_printf/printf.c.obj
 *fill*         0x10002922        0x2 
 .text._etoa    0x10002924      0x414 CMakeFiles/pico_speed_tests.dir/C_/Users/Cameron/Documents/Pico/pico-sdk/src/rp2_common/pico_printf/printf.c.obj
 .text._ftoa    0x10002d38      0x354 CMakeFiles/pico_speed_tests.dir/C_/Users/Cameron/Documents/Pico/pico-sdk/src/rp2_common/pico_printf/printf.c.obj
 .text._vsnprintf
                0x1000308c      0x624 CMakeFiles/pico_speed_tests.dir/C_/Users/Cameron/Documents/Pico/pico-sdk/src/rp2_common/pico_printf/printf.c.obj
 .text.vfctprintf
                0x100036b0       0x20 CMakeFiles/pico_speed_tests.dir/C_/Users/Cameron/Documents/Pico/pico-sdk/src/rp2_common/pico_printf/printf.c.obj
                0x100036b0                vfctprintf
 .text          0x100036d0       0x10 CMakeFiles/pico_speed_tests.dir/C_/Users/Cameron/Documents/Pico/pico-sdk/src/rp2_common/pico_bit_ops/bit_ops_aeabi.S.obj
 .text.rom_func_lookup
                0x100036e0       0x10 CMakeFiles/pico_speed_tests.dir/C_/Users/Cameron/Documents/Pico/pico-sdk/src/rp2_common/pico_bootrom/bootrom.c.obj
                0x100036e0                rom_func_lookup
 .text.rom_data_lookup
                0x100036f0       0x10 CMakeFiles/pico_speed_tests.dir/C_/Users/Cameron/Documents/Pico/pico-sdk/src/rp2_common/pico_bootrom/bootrom.c.obj
                0x100036f0                rom_data_lookup
 .text.rom_funcs_lookup
                0x10003700       0x36 CMakeFiles/pico_speed_tests.dir/C_/Users/Cameron/Documents/Pico/pico-sdk/src/rp2_common/pico_bootrom/bootrom.c.obj
                0x10003700                rom_funcs_lookup
 *fill*         0x10003736        0x2 
 .text.__wrap___aeabi_idiv
                0x10003738       0x50 CMakeFiles/pico_speed_tests.dir/C_/Users/Cameron/Documents/Pico/pico-sdk/src/rp2_common/pico_divider/divider.S.obj
                0x10003738                __wrap___aeabi_idivmod
                0x10003738                divmod_s32s32
                0x10003738                div_s32s32
                0x10003738                __wrap___aeabi_idiv
                0x10003740                divmod_s32s32_unsafe
                0x1000376c                divmod_s32s32_savestate
 .text.__wrap___aeabi_uidiv
                0x10003788       0x4c CMakeFiles/pico_speed_tests.dir/C_/Users/Cameron/Documents/Pico/pico-sdk/src/rp2_common/pico_divider/divider.S.obj
                0x10003788                __wrap___aeabi_uidiv
                0x10003788                __wrap___aeabi_uidivmod
                0x10003788                div_u32u32
                0x10003788                divmod_u32u32
                0x10003790                divmod_u32u32_unsafe
                0x100037b8                divmod_u32u32_savestate
 .text.__wrap___aeabi_ldiv
                0x100037d4      0x434 CMakeFiles/pico_speed_tests.dir/C_/Users/Cameron/Documents/Pico/pico-sdk/src/rp2_common/pico_divider/divider.S.obj
                0x100037d4                div_s64s64
                0x100037d4                divmod_s64s64
                0x100037d4                __wrap___aeabi_ldivmod
                0x1000380c                divmod_u64u64
                0x1000380c                div_u64u64
                0x1000380c                __wrap___aeabi_uldivmod
                0x1000381c                divmod_u64u64_savestate
                0x10003844                divmod_s64s64_unsafe
                0x100038cc                divmod_u64u64_unsafe
 .text.__wrap___aeabi_darithmetic
                0x10003c08       0x80 CMakeFiles/pico_speed_tests.dir/C_/Users/Cameron/Documents/Pico/pico-sdk/src/rp2_common/pico_double/double_aeabi.S.obj
                0x10003c08                __wrap___aeabi_drsub
                0x10003c0e                __wrap___aeabi_dsub
                0x10003c20                __wrap___aeabi_dadd
                0x10003c32                __wrap___aeabi_ddiv
                0x10003c6e                __wrap___aeabi_dmul
 .text.__wrap___aeabi_cdcmple
                0x10003c88       0x6c CMakeFiles/pico_speed_tests.dir/C_/Users/Cameron/Documents/Pico/pico-sdk/src/rp2_common/pico_double/double_aeabi.S.obj
                0x10003c88                __wrap___aeabi_cdrcmple
                0x10003c98                __wrap___aeabi_cdcmpeq
                0x10003c98                __wrap___aeabi_cdcmple
 .text.__wrap___aeabi_dcmplt
                0x10003cf4        0xc CMakeFiles/pico_speed_tests.dir/C_/Users/Cameron/Documents/Pico/pico-sdk/src/rp2_common/pico_double/double_aeabi.S.obj
                0x10003cf4                __wrap___aeabi_dcmplt
 .text.__wrap___aeabi_dcmple
                0x10003d00       0x10 CMakeFiles/pico_speed_tests.dir/C_/Users/Cameron/Documents/Pico/pico-sdk/src/rp2_common/pico_double/double_aeabi.S.obj
                0x10003d00                __wrap___aeabi_dcmple
 .text.__wrap___aeabi_dcmpge
                0x10003d10       0x10 CMakeFiles/pico_speed_tests.dir/C_/Users/Cameron/Documents/Pico/pico-sdk/src/rp2_common/pico_double/double_aeabi.S.obj
                0x10003d10                __wrap___aeabi_dcmpge
 .text.__wrap___aeabi_dcmpgt
                0x10003d20        0xa CMakeFiles/pico_speed_tests.dir/C_/Users/Cameron/Documents/Pico/pico-sdk/src/rp2_common/pico_double/double_aeabi.S.obj
                0x10003d20                __wrap___aeabi_dcmpgt
 .text.__wrap___aeabi_dcmpun
                0x10003d2a       0x1c CMakeFiles/pico_speed_tests.dir/C_/Users/Cameron/Documents/Pico/pico-sdk/src/rp2_common/pico_double/double_aeabi.S.obj
                0x10003d2a                __wrap___aeabi_dcmpun
 *fill*         0x10003d46        0x2 
 .text.__wrap___aeabi_i2d
                0x10003d48       0x38 CMakeFiles/pico_speed_tests.dir/C_/Users/Cameron/Documents/Pico/pico-sdk/src/rp2_common/pico_double/double_aeabi.S.obj
                0x10003d48                __wrap___aeabi_ui2d
                0x10003d50                __wrap___aeabi_i2d
 .text.__wrap___aeabi_d2iz
                0x10003d80       0x48 CMakeFiles/pico_speed_tests.dir/C_/Users/Cameron/Documents/Pico/pico-sdk/src/rp2_common/pico_double/double_aeabi.S.obj
                0x10003d80                double2int_z
                0x10003d80                __wrap___aeabi_d2iz
 .text.__wrap___aeabi_d2uiz
                0x10003dc8       0x18 CMakeFiles/pico_speed_tests.dir/C_/Users/Cameron/Documents/Pico/pico-sdk/src/rp2_common/pico_double/double_aeabi.S.obj
                0x10003dc8                __wrap___aeabi_d2uiz
                0x10003dc8                double2uint
 .text.__aeabi_double_init
                0x10003de0       0xc8 CMakeFiles/pico_speed_tests.dir/C_/Users/Cameron/Documents/Pico/pico-sdk/src/rp2_common/pico_double/double_init_rom.c.obj
                0x10003de0                __aeabi_double_init
 .text.double_table_shim_on_use_helper
                0x10003ea8       0x34 CMakeFiles/pico_speed_tests.dir/C_/Users/Cameron/Documents/Pico/pico-sdk/src/rp2_common/pico_double/double_v1_rom_shim.S.obj
                0x10003ea8                double_table_shim_on_use_helper
 .text.__wrap___aeabi_dsub
                0x10003edc       0x10 CMakeFiles/pico_speed_tests.dir/C_/Users/Cameron/Documents/Pico/pico-sdk/src/rp2_common/pico_double/double_v1_rom_shim.S.obj
                0x10003edc                drsub_shim
                0x10003ee2                dsub_shim
 .text.dadd_shim
                0x10003eec      0x15c CMakeFiles/pico_speed_tests.dir/C_/Users/Cameron/Documents/Pico/pico-sdk/src/rp2_common/pico_double/double_v1_rom_shim.S.obj
                0x10003eec                dadd_shim
 .text.dmul_shim
                0x10004048      0x15c CMakeFiles/pico_speed_tests.dir/C_/Users/Cameron/Documents/Pico/pico-sdk/src/rp2_common/pico_double/double_v1_rom_shim.S.obj
                0x10004048                dmul_shim
 .text.ddiv_shim
                0x100041a4      0x1b0 CMakeFiles/pico_speed_tests.dir/C_/Users/Cameron/Documents/Pico/pico-sdk/src/rp2_common/pico_double/double_v1_rom_shim.S.obj
                0x100041a4                ddiv_shim
 .text.double2uint_shim
                0x10004354        0xe CMakeFiles/pico_speed_tests.dir/C_/Users/Cameron/Documents/Pico/pico-sdk/src/rp2_common/pico_double/double_v1_rom_shim.S.obj
                0x10004354                double2uint_shim
                0x10004356                double2ufix_shim
 *fill*         0x10004362        0x2 
 .text.double2uint64_shim
                0x10004364       0x70 CMakeFiles/pico_speed_tests.dir/C_/Users/Cameron/Documents/Pico/pico-sdk/src/rp2_common/pico_double/double_v1_rom_shim.S.obj
                0x10004364                double2uint64_shim
                0x10004366                double2ufix64_shim
                0x10004386                d2fix_a
 .text.dunpacks
                0x100043d4       0x3c CMakeFiles/pico_speed_tests.dir/C_/Users/Cameron/Documents/Pico/pico-sdk/src/rp2_common/pico_double/double_v1_rom_shim.S.obj
                0x100043d4                dunpacks
 .text.__aeabi_lmul
                0x10004410       0x32 CMakeFiles/pico_speed_tests.dir/C_/Users/Cameron/Documents/Pico/pico-sdk/src/rp2_common/pico_int64_ops/pico_int64_ops_aeabi.S.obj
                0x10004410                __wrap___aeabi_lmul
 *fill*         0x10004442        0x2 
 .text.__wrap___aeabi_farithmetic
                0x10004444       0x58 CMakeFiles/pico_speed_tests.dir/C_/Users/Cameron/Documents/Pico/pico-sdk/src/rp2_common/pico_float/float_aeabi.S.obj
                0x10004444                __wrap___aeabi_frsub
                0x1000444a                __wrap___aeabi_fsub
                0x10004454                __wrap___aeabi_fadd
                0x1000445e                __wrap___aeabi_fdiv
                0x1000448a                __wrap___aeabi_fmul
 .text.__wrap___aeabi_ui2f
                0x1000449c        0xa CMakeFiles/pico_speed_tests.dir/C_/Users/Cameron/Documents/Pico/pico-sdk/src/rp2_common/pico_float/float_aeabi.S.obj
                0x1000449c                __wrap___aeabi_ui2f
 *fill*         0x100044a6        0x2 
 .text.__wrap___aeabi_i2f
                0x100044a8       0x44 CMakeFiles/pico_speed_tests.dir/C_/Users/Cameron/Documents/Pico/pico-sdk/src/rp2_common/pico_float/float_aeabi.S.obj
                0x100044a8                __wrap___aeabi_i2f
 .text.__wrap___aeabi_f2d
                0x100044ec       0x14 CMakeFiles/pico_speed_tests.dir/C_/Users/Cameron/Documents/Pico/pico-sdk/src/rp2_common/pico_float/float_aeabi.S.obj
                0x100044ec                __wrap___aeabi_f2d
 .text.__aeabi_float_init
                0x10004500       0xfc CMakeFiles/pico_speed_tests.dir/C_/Users/Cameron/Documents/Pico/pico-sdk/src/rp2_common/pico_float/float_init_rom.c.obj
                0x10004500                __aeabi_float_init
 .text.float_table_shim_on_use_helper
                0x100045fc       0x34 CMakeFiles/pico_speed_tests.dir/C_/Users/Cameron/Documents/Pico/pico-sdk/src/rp2_common/pico_float/float_v1_rom_shim.S.obj
                0x100045fc                float_table_shim_on_use_helper
 .text.float2double_shim
                0x10004630       0x30 CMakeFiles/pico_speed_tests.dir/C_/Users/Cameron/Documents/Pico/pico-sdk/src/rp2_common/pico_float/float_v1_rom_shim.S.obj
                0x10004630                float2double_shim
 .text          0x10004660       0x10 CMakeFiles/pico_speed_tests.dir/C_/Users/Cameron/Documents/Pico/pico-sdk/src/rp2_common/pico_mem_ops/mem_ops_aeabi.S.obj
                0x10004660                __aeabi_mem_init
 .text.memset   0x10004670        0xc CMakeFiles/pico_speed_tests.dir/C_/Users/Cameron/Documents/Pico/pico-sdk/src/rp2_common/pico_mem_ops/mem_ops_aeabi.S.obj
                0x10004670                __wrap_memset
 .text.memcpy   0x1000467c        0xc CMakeFiles/pico_speed_tests.dir/C_/Users/Cameron/Documents/Pico/pico-sdk/src/rp2_common/pico_mem_ops/mem_ops_aeabi.S.obj
                0x1000467c                __wrap_memcpy
                0x1000467c                __wrap___aeabi_memcpy
 .text.stdio_out_chars_no_crlf
                0x10004688        0xe CMakeFiles/pico_speed_tests.dir/C_/Users/Cameron/Documents/Pico/pico-sdk/src/rp2_common/pico_stdio/stdio.c.obj
 *fill*         0x10004696        0x2 
 .text.stdio_out_chars_crlf
                0x10004698       0x80 CMakeFiles/pico_speed_tests.dir/C_/Users/Cameron/Documents/Pico/pico-sdk/src/rp2_common/pico_stdio/stdio.c.obj
 .text.stdio_stack_buffer_flush
                0x10004718       0x44 CMakeFiles/pico_speed_tests.dir/C_/Users/Cameron/Documents/Pico/pico-sdk/src/rp2_common/pico_stdio/stdio.c.obj
 .text.stdio_buffered_printer
                0x1000475c       0x20 CMakeFiles/pico_speed_tests.dir/C_/Users/Cameron/Documents/Pico/pico-sdk/src/rp2_common/pico_stdio/stdio.c.obj
 .text.stdout_serialize_begin
                0x1000477c       0x30 CMakeFiles/pico_speed_tests.dir/C_/Users/Cameron/Documents/Pico/pico-sdk/src/rp2_common/pico_stdio/stdio.c.obj
                0x1000477c                stdout_serialize_begin
 .text.stdout_serialize_end
                0x100047ac       0x10 CMakeFiles/pico_speed_tests.dir/C_/Users/Cameron/Documents/Pico/pico-sdk/src/rp2_common/pico_stdio/stdio.c.obj
                0x100047ac                stdout_serialize_end
 .text.stdio_put_string
                0x100047bc       0x98 CMakeFiles/pico_speed_tests.dir/C_/Users/Cameron/Documents/Pico/pico-sdk/src/rp2_common/pico_stdio/stdio.c.obj
 .text.__wrap_putchar
                0x10004854       0x1c CMakeFiles/pico_speed_tests.dir/C_/Users/Cameron/Documents/Pico/pico-sdk/src/rp2_common/pico_stdio/stdio.c.obj
                0x10004854                __wrap_putchar
 .text.stdio_set_driver_enabled
                0x10004870       0x38 CMakeFiles/pico_speed_tests.dir/C_/Users/Cameron/Documents/Pico/pico-sdk/src/rp2_common/pico_stdio/stdio.c.obj
                0x10004870                stdio_set_driver_enabled
 .text.stdio_flush
                0x100048a8       0x20 CMakeFiles/pico_speed_tests.dir/C_/Users/Cameron/Documents/Pico/pico-sdk/src/rp2_common/pico_stdio/stdio.c.obj
                0x100048a8                stdio_flush
 .text.__wrap_puts
                0x100048c8       0x1e CMakeFiles/pico_speed_tests.dir/C_/Users/Cameron/Documents/Pico/pico-sdk/src/rp2_common/pico_stdio/stdio.c.obj
                0x100048c8                __wrap_puts
 *fill*         0x100048e6        0x2 
 .text.__wrap_vprintf
                0x100048e8       0x44 CMakeFiles/pico_speed_tests.dir/C_/Users/Cameron/Documents/Pico/pico-sdk/src/rp2_common/pico_stdio/stdio.c.obj
                0x100048e8                __wrap_vprintf
 .text.__wrap_printf
                0x1000492c       0x18 CMakeFiles/pico_speed_tests.dir/C_/Users/Cameron/Documents/Pico/pico-sdk/src/rp2_common/pico_stdio/stdio.c.obj
                0x1000492c                __wrap_printf
 .text.stdio_init_all
                0x10004944        0x8 CMakeFiles/pico_speed_tests.dir/C_/Users/Cameron/Documents/Pico/pico-sdk/src/rp2_common/pico_stdio/stdio.c.obj
                0x10004944                stdio_init_all
 .text.resetd_init
                0x1000494c        0x2 CMakeFiles/pico_speed_tests.dir/C_/Users/Cameron/Documents/Pico/pico-sdk/src/rp2_common/pico_stdio_usb/reset_interface.c.obj
 *fill*         0x1000494e        0x2 
 .text.resetd_reset
                0x10004950        0xc CMakeFiles/pico_speed_tests.dir/C_/Users/Cameron/Documents/Pico/pico-sdk/src/rp2_common/pico_stdio_usb/reset_interface.c.obj
 .text.resetd_open
                0x1000495c       0x34 CMakeFiles/pico_speed_tests.dir/C_/Users/Cameron/Documents/Pico/pico-sdk/src/rp2_common/pico_stdio_usb/reset_interface.c.obj
 .text.resetd_xfer_cb
                0x10004990        0x4 CMakeFiles/pico_speed_tests.dir/C_/Users/Cameron/Documents/Pico/pico-sdk/src/rp2_common/pico_stdio_usb/reset_interface.c.obj
 .text.reset_usb_boot
                0x10004994       0x18 CMakeFiles/pico_speed_tests.dir/C_/Users/Cameron/Documents/Pico/pico-sdk/src/rp2_common/pico_stdio_usb/reset_interface.c.obj
 .text.resetd_control_xfer_cb
                0x100049ac       0x5c CMakeFiles/pico_speed_tests.dir/C_/Users/Cameron/Documents/Pico/pico-sdk/src/rp2_common/pico_stdio_usb/reset_interface.c.obj
 .text.usbd_app_driver_get_cb
                0x10004a08        0xc CMakeFiles/pico_speed_tests.dir/C_/Users/Cameron/Documents/Pico/pico-sdk/src/rp2_common/pico_stdio_usb/reset_interface.c.obj
                0x10004a08                usbd_app_driver_get_cb
 .text.tud_cdc_line_coding_cb
                0x10004a14       0x28 CMakeFiles/pico_speed_tests.dir/C_/Users/Cameron/Documents/Pico/pico-sdk/src/rp2_common/pico_stdio_usb/reset_interface.c.obj
                0x10004a14                tud_cdc_line_coding_cb
 .text.stdio_usb_in_chars
                0x10004a3c       0x70 CMakeFiles/pico_speed_tests.dir/C_/Users/Cameron/Documents/Pico/pico-sdk/src/rp2_common/pico_stdio_usb/stdio_usb.c.obj
                0x10004a3c                stdio_usb_in_chars
 .text.low_priority_worker_irq
                0x10004aac       0x20 CMakeFiles/pico_speed_tests.dir/C_/Users/Cameron/Documents/Pico/pico-sdk/src/rp2_common/pico_stdio_usb/stdio_usb.c.obj
 .text.stdio_usb_out_chars
                0x10004acc       0xd4 CMakeFiles/pico_speed_tests.dir/C_/Users/Cameron/Documents/Pico/pico-sdk/src/rp2_common/pico_stdio_usb/stdio_usb.c.obj
 .text.timer_task
                0x10004ba0       0x10 CMakeFiles/pico_speed_tests.dir/C_/Users/Cameron/Documents/Pico/pico-sdk/src/rp2_common/pico_stdio_usb/stdio_usb.c.obj
 .text.stdio_usb_init
                0x10004bb0       0xb8 CMakeFiles/pico_speed_tests.dir/C_/Users/Cameron/Documents/Pico/pico-sdk/src/rp2_common/pico_stdio_usb/stdio_usb.c.obj
                0x10004bb0                stdio_usb_init
 .text.tud_descriptor_device_cb
                0x10004c68        0x8 CMakeFiles/pico_speed_tests.dir/C_/Users/Cameron/Documents/Pico/pico-sdk/src/rp2_common/pico_stdio_usb/stdio_usb_descriptors.c.obj
                0x10004c68                tud_descriptor_device_cb
 .text.tud_descriptor_configuration_cb
                0x10004c70        0x8 CMakeFiles/pico_speed_tests.dir/C_/Users/Cameron/Documents/Pico/pico-sdk/src/rp2_common/pico_stdio_usb/stdio_usb_descriptors.c.obj
                0x10004c70                tud_descriptor_configuration_cb
 .text.tud_descriptor_string_cb
                0x10004c78       0x6c CMakeFiles/pico_speed_tests.dir/C_/Users/Cameron/Documents/Pico/pico-sdk/src/rp2_common/pico_stdio_usb/stdio_usb_descriptors.c.obj
                0x10004c78                tud_descriptor_string_cb
 .text.hw_endpoint_get_by_addr
                0x10004ce4       0x18 CMakeFiles/pico_speed_tests.dir/C_/Users/Cameron/Documents/Pico/pico-sdk/lib/tinyusb/src/portable/raspberrypi/rp2040/dcd_rp2040.c.obj
 .text.reset_ep0_pid
                0x10004cfc       0x28 CMakeFiles/pico_speed_tests.dir/C_/Users/Cameron/Documents/Pico/pico-sdk/lib/tinyusb/src/portable/raspberrypi/rp2040/dcd_rp2040.c.obj
 .text._hw_endpoint_alloc
                0x10004d24       0x70 CMakeFiles/pico_speed_tests.dir/C_/Users/Cameron/Documents/Pico/pico-sdk/lib/tinyusb/src/portable/raspberrypi/rp2040/dcd_rp2040.c.obj
 .text.hw_endpoint_init
                0x10004d94       0x88 CMakeFiles/pico_speed_tests.dir/C_/Users/Cameron/Documents/Pico/pico-sdk/lib/tinyusb/src/portable/raspberrypi/rp2040/dcd_rp2040.c.obj
 .text.reset_non_control_endpoints
                0x10004e1c       0x40 CMakeFiles/pico_speed_tests.dir/C_/Users/Cameron/Documents/Pico/pico-sdk/lib/tinyusb/src/portable/raspberrypi/rp2040/dcd_rp2040.c.obj
 .text.hw_handle_buff_status
                0x10004e5c       0x8c CMakeFiles/pico_speed_tests.dir/C_/Users/Cameron/Documents/Pico/pico-sdk/lib/tinyusb/src/portable/raspberrypi/rp2040/dcd_rp2040.c.obj
 .text.dcd_rp2040_irq
                0x10004ee8       0xc0 CMakeFiles/pico_speed_tests.dir/C_/Users/Cameron/Documents/Pico/pico-sdk/lib/tinyusb/src/portable/raspberrypi/rp2040/dcd_rp2040.c.obj
 .text.hw_endpoint_xfer
                0x10004fa8       0x14 CMakeFiles/pico_speed_tests.dir/C_/Users/Cameron/Documents/Pico/pico-sdk/lib/tinyusb/src/portable/raspberrypi/rp2040/dcd_rp2040.c.obj
 .text.dcd_int_enable
                0x10004fbc       0x2c CMakeFiles/pico_speed_tests.dir/C_/Users/Cameron/Documents/Pico/pico-sdk/lib/tinyusb/src/portable/raspberrypi/rp2040/dcd_rp2040.c.obj
                0x10004fbc                dcd_int_enable
 .text.dcd_set_address
                0x10004fe8       0x2c CMakeFiles/pico_speed_tests.dir/C_/Users/Cameron/Documents/Pico/pico-sdk/lib/tinyusb/src/portable/raspberrypi/rp2040/dcd_rp2040.c.obj
                0x10004fe8                dcd_set_address
 .text.dcd_connect
                0x10005014       0x10 CMakeFiles/pico_speed_tests.dir/C_/Users/Cameron/Documents/Pico/pico-sdk/lib/tinyusb/src/portable/raspberrypi/rp2040/dcd_rp2040.c.obj
                0x10005014                dcd_connect
 .text.dcd_init
                0x10005024       0x7c CMakeFiles/pico_speed_tests.dir/C_/Users/Cameron/Documents/Pico/pico-sdk/lib/tinyusb/src/portable/raspberrypi/rp2040/dcd_rp2040.c.obj
                0x10005024                dcd_init
 .text.dcd_edpt0_status_complete
                0x100050a0       0x1c CMakeFiles/pico_speed_tests.dir/C_/Users/Cameron/Documents/Pico/pico-sdk/lib/tinyusb/src/portable/raspberrypi/rp2040/dcd_rp2040.c.obj
                0x100050a0                dcd_edpt0_status_complete
 .text.dcd_edpt_open
                0x100050bc       0x40 CMakeFiles/pico_speed_tests.dir/C_/Users/Cameron/Documents/Pico/pico-sdk/lib/tinyusb/src/portable/raspberrypi/rp2040/dcd_rp2040.c.obj
                0x100050bc                dcd_edpt_open
 .text.dcd_edpt_close_all
                0x100050fc        0x8 CMakeFiles/pico_speed_tests.dir/C_/Users/Cameron/Documents/Pico/pico-sdk/lib/tinyusb/src/portable/raspberrypi/rp2040/dcd_rp2040.c.obj
                0x100050fc                dcd_edpt_close_all
 .text.dcd_edpt_xfer
                0x10005104       0x30 CMakeFiles/pico_speed_tests.dir/C_/Users/Cameron/Documents/Pico/pico-sdk/lib/tinyusb/src/portable/raspberrypi/rp2040/dcd_rp2040.c.obj
                0x10005104                dcd_edpt_xfer
 .text.dcd_edpt_stall
                0x10005134       0x2c CMakeFiles/pico_speed_tests.dir/C_/Users/Cameron/Documents/Pico/pico-sdk/lib/tinyusb/src/portable/raspberrypi/rp2040/dcd_rp2040.c.obj
                0x10005134                dcd_edpt_stall
 .text.dcd_edpt_clear_stall
                0x10005160       0x20 CMakeFiles/pico_speed_tests.dir/C_/Users/Cameron/Documents/Pico/pico-sdk/lib/tinyusb/src/portable/raspberrypi/rp2040/dcd_rp2040.c.obj
                0x10005160                dcd_edpt_clear_stall
 .text.prepare_ep_buffer
                0x10005180       0x70 CMakeFiles/pico_speed_tests.dir/C_/Users/Cameron/Documents/Pico/pico-sdk/lib/tinyusb/src/portable/raspberrypi/rp2040/rp2040_usb.c.obj
 .text.sync_ep_buffer
                0x100051f0       0x7c CMakeFiles/pico_speed_tests.dir/C_/Users/Cameron/Documents/Pico/pico-sdk/lib/tinyusb/src/portable/raspberrypi/rp2040/rp2040_usb.c.obj
 .text._hw_endpoint_xfer_sync
                0x1000526c       0x28 CMakeFiles/pico_speed_tests.dir/C_/Users/Cameron/Documents/Pico/pico-sdk/lib/tinyusb/src/portable/raspberrypi/rp2040/rp2040_usb.c.obj
 .text.rp2040_usb_init
                0x10005294       0x4c CMakeFiles/pico_speed_tests.dir/C_/Users/Cameron/Documents/Pico/pico-sdk/lib/tinyusb/src/portable/raspberrypi/rp2040/rp2040_usb.c.obj
                0x10005294                rp2040_usb_init
 .text.hw_endpoint_reset_transfer
                0x100052e0        0xc CMakeFiles/pico_speed_tests.dir/C_/Users/Cameron/Documents/Pico/pico-sdk/lib/tinyusb/src/portable/raspberrypi/rp2040/rp2040_usb.c.obj
                0x100052e0                hw_endpoint_reset_transfer
 .text._hw_endpoint_buffer_control_update32
                0x100052ec       0x58 CMakeFiles/pico_speed_tests.dir/C_/Users/Cameron/Documents/Pico/pico-sdk/lib/tinyusb/src/portable/raspberrypi/rp2040/rp2040_usb.c.obj
                0x100052ec                _hw_endpoint_buffer_control_update32
 .text._hw_endpoint_start_next_buffer
                0x10005344       0x74 CMakeFiles/pico_speed_tests.dir/C_/Users/Cameron/Documents/Pico/pico-sdk/lib/tinyusb/src/portable/raspberrypi/rp2040/rp2040_usb.c.obj
 .text.hw_endpoint_xfer_start
                0x100053b8       0x48 CMakeFiles/pico_speed_tests.dir/C_/Users/Cameron/Documents/Pico/pico-sdk/lib/tinyusb/src/portable/raspberrypi/rp2040/rp2040_usb.c.obj
                0x100053b8                hw_endpoint_xfer_start
 .text.hw_endpoint_xfer_continue
                0x10005400       0x38 CMakeFiles/pico_speed_tests.dir/C_/Users/Cameron/Documents/Pico/pico-sdk/lib/tinyusb/src/portable/raspberrypi/rp2040/rp2040_usb.c.obj
                0x10005400                hw_endpoint_xfer_continue
 .text.configuration_reset
                0x10005438       0x84 CMakeFiles/pico_speed_tests.dir/C_/Users/Cameron/Documents/Pico/pico-sdk/lib/tinyusb/src/device/usbd.c.obj
 .text.usbd_reset
                0x100054bc        0xc CMakeFiles/pico_speed_tests.dir/C_/Users/Cameron/Documents/Pico/pico-sdk/lib/tinyusb/src/device/usbd.c.obj
 .text.invoke_class_control
                0x100054c8       0x1a CMakeFiles/pico_speed_tests.dir/C_/Users/Cameron/Documents/Pico/pico-sdk/lib/tinyusb/src/device/usbd.c.obj
 *fill*         0x100054e2        0x2 
 .text.process_set_config
                0x100054e4      0x1b0 CMakeFiles/pico_speed_tests.dir/C_/Users/Cameron/Documents/Pico/pico-sdk/lib/tinyusb/src/device/usbd.c.obj
 .text.process_get_descriptor
                0x10005694       0xec CMakeFiles/pico_speed_tests.dir/C_/Users/Cameron/Documents/Pico/pico-sdk/lib/tinyusb/src/device/usbd.c.obj
 .text.tud_mounted
                0x10005780       0x10 CMakeFiles/pico_speed_tests.dir/C_/Users/Cameron/Documents/Pico/pico-sdk/lib/tinyusb/src/device/usbd.c.obj
                0x10005780                tud_mounted
 .text.tud_suspended
                0x10005790       0x10 CMakeFiles/pico_speed_tests.dir/C_/Users/Cameron/Documents/Pico/pico-sdk/lib/tinyusb/src/device/usbd.c.obj
                0x10005790                tud_suspended
 .text.tud_inited
                0x100057a0        0xc CMakeFiles/pico_speed_tests.dir/C_/Users/Cameron/Documents/Pico/pico-sdk/lib/tinyusb/src/device/usbd.c.obj
                0x100057a0                tud_inited
 .text.tud_init
                0x100057ac       0xcc CMakeFiles/pico_speed_tests.dir/C_/Users/Cameron/Documents/Pico/pico-sdk/lib/tinyusb/src/device/usbd.c.obj
                0x100057ac                tud_init
 .text.dcd_event_handler
                0x10005878      0x1e0 CMakeFiles/pico_speed_tests.dir/C_/Users/Cameron/Documents/Pico/pico-sdk/lib/tinyusb/src/device/usbd.c.obj
                0x10005878                dcd_event_handler
 .text.dcd_event_bus_signal
                0x10005a58       0x26 CMakeFiles/pico_speed_tests.dir/C_/Users/Cameron/Documents/Pico/pico-sdk/lib/tinyusb/src/device/usbd.c.obj
                0x10005a58                dcd_event_bus_signal
 .text.dcd_event_bus_reset
                0x10005a7e       0x2a CMakeFiles/pico_speed_tests.dir/C_/Users/Cameron/Documents/Pico/pico-sdk/lib/tinyusb/src/device/usbd.c.obj
                0x10005a7e                dcd_event_bus_reset
 .text.dcd_event_setup_received
                0x10005aa8       0x34 CMakeFiles/pico_speed_tests.dir/C_/Users/Cameron/Documents/Pico/pico-sdk/lib/tinyusb/src/device/usbd.c.obj
                0x10005aa8                dcd_event_setup_received
 .text.dcd_event_xfer_complete
                0x10005adc       0x44 CMakeFiles/pico_speed_tests.dir/C_/Users/Cameron/Documents/Pico/pico-sdk/lib/tinyusb/src/device/usbd.c.obj
                0x10005adc                dcd_event_xfer_complete
 .text.usbd_edpt_open
                0x10005b20       0x58 CMakeFiles/pico_speed_tests.dir/C_/Users/Cameron/Documents/Pico/pico-sdk/lib/tinyusb/src/device/usbd.c.obj
                0x10005b20                usbd_edpt_open
 .text.usbd_open_edpt_pair
                0x10005b78       0x8c CMakeFiles/pico_speed_tests.dir/C_/Users/Cameron/Documents/Pico/pico-sdk/lib/tinyusb/src/device/usbd.c.obj
                0x10005b78                usbd_open_edpt_pair
 .text.usbd_edpt_claim
                0x10005c04       0x8c CMakeFiles/pico_speed_tests.dir/C_/Users/Cameron/Documents/Pico/pico-sdk/lib/tinyusb/src/device/usbd.c.obj
                0x10005c04                usbd_edpt_claim
 .text.usbd_edpt_release
                0x10005c90       0x68 CMakeFiles/pico_speed_tests.dir/C_/Users/Cameron/Documents/Pico/pico-sdk/lib/tinyusb/src/device/usbd.c.obj
                0x10005c90                usbd_edpt_release
 .text.usbd_edpt_xfer
                0x10005cf8       0x80 CMakeFiles/pico_speed_tests.dir/C_/Users/Cameron/Documents/Pico/pico-sdk/lib/tinyusb/src/device/usbd.c.obj
                0x10005cf8                usbd_edpt_xfer
 .text.usbd_edpt_stall
                0x10005d78       0x40 CMakeFiles/pico_speed_tests.dir/C_/Users/Cameron/Documents/Pico/pico-sdk/lib/tinyusb/src/device/usbd.c.obj
                0x10005d78                usbd_edpt_stall
 .text.usbd_edpt_clear_stall
                0x10005db8       0x40 CMakeFiles/pico_speed_tests.dir/C_/Users/Cameron/Documents/Pico/pico-sdk/lib/tinyusb/src/device/usbd.c.obj
                0x10005db8                usbd_edpt_clear_stall
 .text.usbd_edpt_stalled
                0x10005df8       0x1c CMakeFiles/pico_speed_tests.dir/C_/Users/Cameron/Documents/Pico/pico-sdk/lib/tinyusb/src/device/usbd.c.obj
                0x10005df8                usbd_edpt_stalled
 .text.process_control_request
                0x10005e14      0x3b8 CMakeFiles/pico_speed_tests.dir/C_/Users/Cameron/Documents/Pico/pico-sdk/lib/tinyusb/src/device/usbd.c.obj
 .text.tud_task
                0x100061cc      0x218 CMakeFiles/pico_speed_tests.dir/C_/Users/Cameron/Documents/Pico/pico-sdk/lib/tinyusb/src/device/usbd.c.obj
                0x100061cc                tud_task
 .text._data_stage_xact
                0x100063e4       0x58 CMakeFiles/pico_speed_tests.dir/C_/Users/Cameron/Documents/Pico/pico-sdk/lib/tinyusb/src/device/usbd_control.c.obj
 .text.tud_control_status
                0x1000643c       0x38 CMakeFiles/pico_speed_tests.dir/C_/Users/Cameron/Documents/Pico/pico-sdk/lib/tinyusb/src/device/usbd_control.c.obj
                0x1000643c                tud_control_status
 .text.tud_control_xfer
                0x10006474       0xa8 CMakeFiles/pico_speed_tests.dir/C_/Users/Cameron/Documents/Pico/pico-sdk/lib/tinyusb/src/device/usbd_control.c.obj
                0x10006474                tud_control_xfer
 .text.usbd_control_reset
                0x1000651c       0x14 CMakeFiles/pico_speed_tests.dir/C_/Users/Cameron/Documents/Pico/pico-sdk/lib/tinyusb/src/device/usbd_control.c.obj
                0x1000651c                usbd_control_reset
 .text.usbd_control_set_complete_callback
                0x10006530        0xc CMakeFiles/pico_speed_tests.dir/C_/Users/Cameron/Documents/Pico/pico-sdk/lib/tinyusb/src/device/usbd_control.c.obj
                0x10006530                usbd_control_set_complete_callback
 .text.usbd_control_set_request
                0x1000653c       0x1c CMakeFiles/pico_speed_tests.dir/C_/Users/Cameron/Documents/Pico/pico-sdk/lib/tinyusb/src/device/usbd_control.c.obj
                0x1000653c                usbd_control_set_request
 .text.usbd_control_xfer_cb
                0x10006558       0xfc CMakeFiles/pico_speed_tests.dir/C_/Users/Cameron/Documents/Pico/pico-sdk/lib/tinyusb/src/device/usbd_control.c.obj
                0x10006558                usbd_control_xfer_cb
 .text._prep_out_transaction
                0x10006654       0x46 CMakeFiles/pico_speed_tests.dir/C_/Users/Cameron/Documents/Pico/pico-sdk/lib/tinyusb/src/class/cdc/cdc_device.c.obj
 *fill*         0x1000669a        0x2 
 .text.tud_cdc_n_connected
                0x1000669c       0x44 CMakeFiles/pico_speed_tests.dir/C_/Users/Cameron/Documents/Pico/pico-sdk/lib/tinyusb/src/class/cdc/cdc_device.c.obj
                0x1000669c                tud_cdc_n_connected
 .text.tud_cdc_n_available
                0x100066e0       0x18 CMakeFiles/pico_speed_tests.dir/C_/Users/Cameron/Documents/Pico/pico-sdk/lib/tinyusb/src/class/cdc/cdc_device.c.obj
                0x100066e0                tud_cdc_n_available
 .text.tud_cdc_n_read
                0x100066f8       0x28 CMakeFiles/pico_speed_tests.dir/C_/Users/Cameron/Documents/Pico/pico-sdk/lib/tinyusb/src/class/cdc/cdc_device.c.obj
                0x100066f8                tud_cdc_n_read
 .text.tud_cdc_n_write_flush
                0x10006720       0xcc CMakeFiles/pico_speed_tests.dir/C_/Users/Cameron/Documents/Pico/pico-sdk/lib/tinyusb/src/class/cdc/cdc_device.c.obj
                0x10006720                tud_cdc_n_write_flush
 .text.tud_cdc_n_write
                0x100067ec       0x38 CMakeFiles/pico_speed_tests.dir/C_/Users/Cameron/Documents/Pico/pico-sdk/lib/tinyusb/src/class/cdc/cdc_device.c.obj
                0x100067ec                tud_cdc_n_write
 .text.tud_cdc_n_write_available
                0x10006824       0x1c CMakeFiles/pico_speed_tests.dir/C_/Users/Cameron/Documents/Pico/pico-sdk/lib/tinyusb/src/class/cdc/cdc_device.c.obj
                0x10006824                tud_cdc_n_write_available
 .text.cdcd_init
                0x10006840       0xbc CMakeFiles/pico_speed_tests.dir/C_/Users/Cameron/Documents/Pico/pico-sdk/lib/tinyusb/src/class/cdc/cdc_device.c.obj
                0x10006840                cdcd_init
 .text.cdcd_reset
                0x100068fc       0x44 CMakeFiles/pico_speed_tests.dir/C_/Users/Cameron/Documents/Pico/pico-sdk/lib/tinyusb/src/class/cdc/cdc_device.c.obj
                0x100068fc                cdcd_reset
 .text.cdcd_open
                0x10006940       0xf8 CMakeFiles/pico_speed_tests.dir/C_/Users/Cameron/Documents/Pico/pico-sdk/lib/tinyusb/src/class/cdc/cdc_device.c.obj
                0x10006940                cdcd_open
 .text.cdcd_control_xfer_cb
                0x10006a38      0x134 CMakeFiles/pico_speed_tests.dir/C_/Users/Cameron/Documents/Pico/pico-sdk/lib/tinyusb/src/class/cdc/cdc_device.c.obj
                0x10006a38                cdcd_control_xfer_cb
 .text.cdcd_xfer_cb
                0x10006b6c      0x144 CMakeFiles/pico_speed_tests.dir/C_/Users/Cameron/Documents/Pico/pico-sdk/lib/tinyusb/src/class/cdc/cdc_device.c.obj
                0x10006b6c                cdcd_xfer_cb
 .text.tusb_init
                0x10006cb0       0x24 CMakeFiles/pico_speed_tests.dir/C_/Users/Cameron/Documents/Pico/pico-sdk/lib/tinyusb/src/tusb.c.obj
                0x10006cb0                tusb_init
 .text.tusb_inited
                0x10006cd4        0xe CMakeFiles/pico_speed_tests.dir/C_/Users/Cameron/Documents/Pico/pico-sdk/lib/tinyusb/src/tusb.c.obj
                0x10006cd4                tusb_inited
 *fill*         0x10006ce2        0x2 
 .text.tu_edpt_validate
                0x10006ce4       0xa8 CMakeFiles/pico_speed_tests.dir/C_/Users/Cameron/Documents/Pico/pico-sdk/lib/tinyusb/src/tusb.c.obj
                0x10006ce4                tu_edpt_validate
 .text.tu_edpt_bind_driver
                0x10006d8c       0x2a CMakeFiles/pico_speed_tests.dir/C_/Users/Cameron/Documents/Pico/pico-sdk/lib/tinyusb/src/tusb.c.obj
                0x10006d8c                tu_edpt_bind_driver
 .text.advance_pointer
                0x10006db6       0x18 CMakeFiles/pico_speed_tests.dir/C_/Users/Cameron/Documents/Pico/pico-sdk/lib/tinyusb/src/common/tusb_fifo.c.obj
 .text.backward_pointer
                0x10006dce       0x1e CMakeFiles/pico_speed_tests.dir/C_/Users/Cameron/Documents/Pico/pico-sdk/lib/tinyusb/src/common/tusb_fifo.c.obj
 .text.get_relative_pointer
                0x10006dec       0x10 CMakeFiles/pico_speed_tests.dir/C_/Users/Cameron/Documents/Pico/pico-sdk/lib/tinyusb/src/common/tusb_fifo.c.obj
 .text._tu_fifo_peek
                0x10006dfc       0x50 CMakeFiles/pico_speed_tests.dir/C_/Users/Cameron/Documents/Pico/pico-sdk/lib/tinyusb/src/common/tusb_fifo.c.obj
 .text._ff_pull_const_addr
                0x10006e4c       0x4c CMakeFiles/pico_speed_tests.dir/C_/Users/Cameron/Documents/Pico/pico-sdk/lib/tinyusb/src/common/tusb_fifo.c.obj
 .text._ff_pull_n
                0x10006e98      0x10c CMakeFiles/pico_speed_tests.dir/C_/Users/Cameron/Documents/Pico/pico-sdk/lib/tinyusb/src/common/tusb_fifo.c.obj
 .text._tu_fifo_peek_n
                0x10006fa4       0x5e CMakeFiles/pico_speed_tests.dir/C_/Users/Cameron/Documents/Pico/pico-sdk/lib/tinyusb/src/common/tusb_fifo.c.obj
 .text._tu_fifo_read_n
                0x10007002       0x4e CMakeFiles/pico_speed_tests.dir/C_/Users/Cameron/Documents/Pico/pico-sdk/lib/tinyusb/src/common/tusb_fifo.c.obj
 .text._ff_push_const_addr
                0x10007050       0x40 CMakeFiles/pico_speed_tests.dir/C_/Users/Cameron/Documents/Pico/pico-sdk/lib/tinyusb/src/common/tusb_fifo.c.obj
 .text._ff_push_n
                0x10007090      0x108 CMakeFiles/pico_speed_tests.dir/C_/Users/Cameron/Documents/Pico/pico-sdk/lib/tinyusb/src/common/tusb_fifo.c.obj
 .text._tu_fifo_write_n
                0x10007198       0x9e CMakeFiles/pico_speed_tests.dir/C_/Users/Cameron/Documents/Pico/pico-sdk/lib/tinyusb/src/common/tusb_fifo.c.obj
 .text.tu_fifo_config
                0x10007236       0x72 CMakeFiles/pico_speed_tests.dir/C_/Users/Cameron/Documents/Pico/pico-sdk/lib/tinyusb/src/common/tusb_fifo.c.obj
                0x10007236                tu_fifo_config
 .text.tu_fifo_count
                0x100072a8       0x26 CMakeFiles/pico_speed_tests.dir/C_/Users/Cameron/Documents/Pico/pico-sdk/lib/tinyusb/src/common/tusb_fifo.c.obj
                0x100072a8                tu_fifo_count
 .text.tu_fifo_empty
                0x100072ce       0x10 CMakeFiles/pico_speed_tests.dir/C_/Users/Cameron/Documents/Pico/pico-sdk/lib/tinyusb/src/common/tusb_fifo.c.obj
                0x100072ce                tu_fifo_empty
 .text.tu_fifo_remaining
                0x100072de       0x20 CMakeFiles/pico_speed_tests.dir/C_/Users/Cameron/Documents/Pico/pico-sdk/lib/tinyusb/src/common/tusb_fifo.c.obj
                0x100072de                tu_fifo_remaining
 .text.tu_fifo_read
                0x100072fe       0x42 CMakeFiles/pico_speed_tests.dir/C_/Users/Cameron/Documents/Pico/pico-sdk/lib/tinyusb/src/common/tusb_fifo.c.obj
                0x100072fe                tu_fifo_read
 .text.tu_fifo_read_n
                0x10007340        0xa CMakeFiles/pico_speed_tests.dir/C_/Users/Cameron/Documents/Pico/pico-sdk/lib/tinyusb/src/common/tusb_fifo.c.obj
                0x10007340                tu_fifo_read_n
 .text.tu_fifo_write
                0x1000734a       0x6c CMakeFiles/pico_speed_tests.dir/C_/Users/Cameron/Documents/Pico/pico-sdk/lib/tinyusb/src/common/tusb_fifo.c.obj
                0x1000734a                tu_fifo_write
 .text.tu_fifo_write_n
                0x100073b6        0xa CMakeFiles/pico_speed_tests.dir/C_/Users/Cameron/Documents/Pico/pico-sdk/lib/tinyusb/src/common/tusb_fifo.c.obj
                0x100073b6                tu_fifo_write_n
 .text.tu_fifo_clear
                0x100073c0       0x4c CMakeFiles/pico_speed_tests.dir/C_/Users/Cameron/Documents/Pico/pico-sdk/lib/tinyusb/src/common/tusb_fifo.c.obj
                0x100073c0                tu_fifo_clear
 .text.tu_fifo_set_overwritable
                0x1000740c       0x3c CMakeFiles/pico_speed_tests.dir/C_/Users/Cameron/Documents/Pico/pico-sdk/lib/tinyusb/src/common/tusb_fifo.c.obj
                0x1000740c                tu_fifo_set_overwritable
 .text._retrieve_unique_id_on_boot
                0x10007448       0x10 CMakeFiles/pico_speed_tests.dir/C_/Users/Cameron/Documents/Pico/pico-sdk/src/rp2_common/pico_unique_id/unique_id.c.obj
 .text.pico_get_unique_board_id_string
                0x10007458       0x60 CMakeFiles/pico_speed_tests.dir/C_/Users/Cameron/Documents/Pico/pico-sdk/src/rp2_common/pico_unique_id/unique_id.c.obj
                0x10007458                pico_get_unique_board_id_string
 .text.flash_get_unique_id
                0x100074b8       0x46 CMakeFiles/pico_speed_tests.dir/C_/Users/Cameron/Documents/Pico/pico-sdk/src/rp2_common/hardware_flash/flash.c.obj
                0x100074b8                flash_get_unique_id
 *fill*         0x100074fe        0x2 
 .text.abort    0x10007500       0x10 c:/progra~2/gnuarm~1/102021~1.10/bin/../lib/gcc/arm-none-eabi/10.3.1/../../../../arm-none-eabi/lib/thumb/v6-m/nofp\libg.a(lib_a-abort.o)
                0x10007500                abort
 .text.raise    0x10007510       0x60 c:/progra~2/gnuarm~1/102021~1.10/bin/../lib/gcc/arm-none-eabi/10.3.1/../../../../arm-none-eabi/lib/thumb/v6-m/nofp\libg.a(lib_a-signal.o)
                0x10007510                raise
 .text._kill_r  0x10007570       0x28 c:/progra~2/gnuarm~1/102021~1.10/bin/../lib/gcc/arm-none-eabi/10.3.1/../../../../arm-none-eabi/lib/thumb/v6-m/nofp\libg.a(lib_a-signalr.o)
                0x10007570                _kill_r
 .text._getpid_r
                0x10007598        0x8 c:/progra~2/gnuarm~1/102021~1.10/bin/../lib/gcc/arm-none-eabi/10.3.1/../../../../arm-none-eabi/lib/thumb/v6-m/nofp\libg.a(lib_a-signalr.o)
                0x10007598                _getpid_r
 .text.strlen   0x100075a0       0x5c c:/progra~2/gnuarm~1/102021~1.10/bin/../lib/gcc/arm-none-eabi/10.3.1/../../../../arm-none-eabi/lib/thumb/v6-m/nofp\libg.a(lib_a-strlen-stub.o)
                0x100075a0                strlen
 .text._getpid  0x100075fc       0x10 c:/progra~2/gnuarm~1/102021~1.10/bin/../lib/gcc/arm-none-eabi/10.3.1/../../../../arm-none-eabi/lib/thumb/v6-m/nofp\libnosys.a(getpid.o)
                0x100075fc                _getpid
 .text._kill    0x1000760c       0x10 c:/progra~2/gnuarm~1/102021~1.10/bin/../lib/gcc/arm-none-eabi/10.3.1/../../../../arm-none-eabi/lib/thumb/v6-m/nofp\libnosys.a(kill.o)
                0x1000760c                _kill
 *(.fini)
 .fini          0x1000761c        0x4 c:/progra~2/gnuarm~1/102021~1.10/bin/../lib/gcc/arm-none-eabi/10.3.1/thumb/v6-m/nofp/crti.o
                0x1000761c                _fini
 .fini.__stub   0x10007620       0x70 linker stubs
 *crtbegin.o(.ctors)
 *crtbegin?.o(.ctors)
 *(EXCLUDE_FILE(*crtend.o *crtend?.o) .ctors)
 *(SORT_BY_NAME(.ctors.*))
 *(.ctors)
 *crtbegin.o(.dtors)
 *crtbegin?.o(.dtors)
 *(EXCLUDE_FILE(*crtend.o *crtend?.o) .dtors)
 *(SORT_BY_NAME(.dtors.*))
 *(.dtors)
 *(.eh_frame*)
 .eh_frame      0x10007690        0x0 c:/progra~2/gnuarm~1/102021~1.10/bin/../lib/gcc/arm-none-eabi/10.3.1/thumb/v6-m/nofp/crtbegin.o
                0x10007690                . = ALIGN (0x4)

.glue_7         0x10007690        0x0
 .glue_7        0x10007690        0x0 linker stubs

.glue_7t        0x10007690        0x0
 .glue_7t       0x10007690        0x0 linker stubs

.vfp11_veneer   0x10007690        0x0
 .vfp11_veneer  0x10007690        0x0 linker stubs

.v4_bx          0x10007690        0x0
 .v4_bx         0x10007690        0x0 linker stubs

.iplt           0x10007690        0x0
 .iplt          0x10007690        0x0 c:/progra~2/gnuarm~1/102021~1.10/bin/../lib/gcc/arm-none-eabi/10.3.1/thumb/v6-m/nofp/crtbegin.o

.rodata         0x10007690     0x1888
 *(EXCLUDE_FILE(*libm.a: *libc.a:*lib_a-mem*.o *libgcc.a:) .rodata*)
 .rodata._Z19float_mul_gr_0_testm.str1.4
                0x10007690       0x77 CMakeFiles/pico_speed_tests.dir/pico_speed_tests.cpp.obj
 *fill*         0x10007707        0x1 
 .rodata._Z19float_mul_ls_0_testm.str1.4
                0x10007708       0x45 CMakeFiles/pico_speed_tests.dir/pico_speed_tests.cpp.obj
 *fill*         0x1000774d        0x3 
 .rodata._Z19float_div_ls_0_testm.str1.4
                0x10007750       0x43 CMakeFiles/pico_speed_tests.dir/pico_speed_tests.cpp.obj
 *fill*         0x10007793        0x1 
 .rodata._Z19float_div_gr_0_testm.str1.4
                0x10007794       0x42 CMakeFiles/pico_speed_tests.dir/pico_speed_tests.cpp.obj
 *fill*         0x100077d6        0x2 
 .rodata._Z19float_add_gr_0_testm.str1.4
                0x100077d8       0x45 CMakeFiles/pico_speed_tests.dir/pico_speed_tests.cpp.obj
 *fill*         0x1000781d        0x3 
 .rodata._Z19float_add_ls_0_testm.str1.4
                0x10007820       0x40 CMakeFiles/pico_speed_tests.dir/pico_speed_tests.cpp.obj
 .rodata.main.str1.4
                0x10007860       0x32 CMakeFiles/pico_speed_tests.dir/pico_speed_tests.cpp.obj
 *fill*         0x10007892        0x2 
 .rodata.spin_lock_claim_unused.str1.4
                0x10007894       0x1b CMakeFiles/pico_speed_tests.dir/C_/Users/Cameron/Documents/Pico/pico-sdk/src/rp2_common/hardware_sync/sync.c.obj
 *fill*         0x100078af        0x1 
 .rodata.repeating_timer_callback.str1.4
                0x100078b0       0x59 CMakeFiles/pico_speed_tests.dir/C_/Users/Cameron/Documents/Pico/pico-sdk/src/common/pico_time/time.c.obj
 *fill*         0x10007909        0x3 
 .rodata.alarm_pool_dump_key.str1.4
                0x1000790c       0x33 CMakeFiles/pico_speed_tests.dir/C_/Users/Cameron/Documents/Pico/pico-sdk/src/common/pico_time/time.c.obj
 *fill*         0x1000793f        0x1 
 .rodata.ph_add_child_node.str1.4
                0x10007940       0xa2 CMakeFiles/pico_speed_tests.dir/C_/Users/Cameron/Documents/Pico/pico-sdk/src/common/pico_time/time.c.obj
 *fill*         0x100079e2        0x2 
 .rodata.add_alarm_under_lock.str1.4
                0x100079e4       0x28 CMakeFiles/pico_speed_tests.dir/C_/Users/Cameron/Documents/Pico/pico-sdk/src/common/pico_time/time.c.obj
                                 0x2b (size before relaxing)
 .rodata.alarm_pool_alarm_callback.str1.4
                0x10007a0c       0xf2 CMakeFiles/pico_speed_tests.dir/C_/Users/Cameron/Documents/Pico/pico-sdk/src/common/pico_time/time.c.obj
 *fill*         0x10007afe        0x2 
 .rodata.alarm_pool_get_default.str1.4
                0x10007b00       0x21 CMakeFiles/pico_speed_tests.dir/C_/Users/Cameron/Documents/Pico/pico-sdk/src/common/pico_time/time.c.obj
 *fill*         0x10007b21        0x3 
 .rodata.alarm_pool_cancel_alarm.str1.4
                0x10007b24       0x27 CMakeFiles/pico_speed_tests.dir/C_/Users/Cameron/Documents/Pico/pico-sdk/src/common/pico_time/time.c.obj
 *fill*         0x10007b4b        0x1 
 .rodata.sleep_until.str1.4
                0x10007b4c       0x4d CMakeFiles/pico_speed_tests.dir/C_/Users/Cameron/Documents/Pico/pico-sdk/src/common/pico_time/time.c.obj
 *fill*         0x10007b99        0x3 
 .rodata.__func__.1
                0x10007b9c       0x18 CMakeFiles/pico_speed_tests.dir/C_/Users/Cameron/Documents/Pico/pico-sdk/src/common/pico_time/time.c.obj
 .rodata.__func__.10
                0x10007bb4       0x15 CMakeFiles/pico_speed_tests.dir/C_/Users/Cameron/Documents/Pico/pico-sdk/src/common/pico_time/time.c.obj
 *fill*         0x10007bc9        0x3 
 .rodata.__func__.11
                0x10007bcc       0x1a CMakeFiles/pico_speed_tests.dir/C_/Users/Cameron/Documents/Pico/pico-sdk/src/common/pico_time/time.c.obj
 *fill*         0x10007be6        0x2 
 .rodata.__func__.12
                0x10007be8        0xa CMakeFiles/pico_speed_tests.dir/C_/Users/Cameron/Documents/Pico/pico-sdk/src/common/pico_time/time.c.obj
 *fill*         0x10007bf2        0x2 
 .rodata.__func__.3
                0x10007bf4       0x17 CMakeFiles/pico_speed_tests.dir/C_/Users/Cameron/Documents/Pico/pico-sdk/src/common/pico_time/time.c.obj
 *fill*         0x10007c0b        0x1 
 .rodata.__func__.4
                0x10007c0c       0x12 CMakeFiles/pico_speed_tests.dir/C_/Users/Cameron/Documents/Pico/pico-sdk/src/common/pico_time/time.c.obj
 *fill*         0x10007c1e        0x2 
 .rodata.__func__.5
                0x10007c20        0xd CMakeFiles/pico_speed_tests.dir/C_/Users/Cameron/Documents/Pico/pico-sdk/src/common/pico_time/time.c.obj
 *fill*         0x10007c2d        0x3 
 .rodata.__func__.6
                0x10007c30       0x12 CMakeFiles/pico_speed_tests.dir/C_/Users/Cameron/Documents/Pico/pico-sdk/src/common/pico_time/time.c.obj
 *fill*         0x10007c42        0x2 
 .rodata.__func__.7
                0x10007c44        0xf CMakeFiles/pico_speed_tests.dir/C_/Users/Cameron/Documents/Pico/pico-sdk/src/common/pico_time/time.c.obj
 *fill*         0x10007c53        0x1 
 .rodata.__func__.8
                0x10007c54        0xc CMakeFiles/pico_speed_tests.dir/C_/Users/Cameron/Documents/Pico/pico-sdk/src/common/pico_time/time.c.obj
 .rodata.__func__.9
                0x10007c60       0x15 CMakeFiles/pico_speed_tests.dir/C_/Users/Cameron/Documents/Pico/pico-sdk/src/common/pico_time/time.c.obj
 *fill*         0x10007c75        0x3 
 .rodata.hardware_alarm_claim.str1.4
                0x10007c78       0x22 CMakeFiles/pico_speed_tests.dir/C_/Users/Cameron/Documents/Pico/pico-sdk/src/rp2_common/hardware_timer/timer.c.obj
 *fill*         0x10007c9a        0x2 
 .rodata.hardware_alarm_set_target.str1.4
                0x10007c9c       0x73 CMakeFiles/pico_speed_tests.dir/C_/Users/Cameron/Documents/Pico/pico-sdk/src/rp2_common/hardware_timer/timer.c.obj
 *fill*         0x10007d0f        0x1 
 .rodata.__func__.0
                0x10007d10       0x1a CMakeFiles/pico_speed_tests.dir/C_/Users/Cameron/Documents/Pico/pico-sdk/src/rp2_common/hardware_timer/timer.c.obj
 *fill*         0x10007d2a        0x2 
 .rodata.str1.4
                0x10007d2c       0x99 CMakeFiles/pico_speed_tests.dir/C_/Users/Cameron/Documents/Pico/pico-sdk/src/common/pico_sync/mutex.c.obj
                                0x109 (size before relaxing)
 *fill*         0x10007dc5        0x3 
 .rodata.__func__.1
                0x10007dc8        0xb CMakeFiles/pico_speed_tests.dir/C_/Users/Cameron/Documents/Pico/pico-sdk/src/common/pico_sync/mutex.c.obj
 *fill*         0x10007dd3        0x1 
 .rodata.__func__.3
                0x10007dd4       0x18 CMakeFiles/pico_speed_tests.dir/C_/Users/Cameron/Documents/Pico/pico-sdk/src/common/pico_sync/mutex.c.obj
 .rodata.__func__.4
                0x10007dec       0x15 CMakeFiles/pico_speed_tests.dir/C_/Users/Cameron/Documents/Pico/pico-sdk/src/common/pico_sync/mutex.c.obj
 .rodata.ph_add_child_node.str1.4
                0x10007e01       0xa2 CMakeFiles/pico_speed_tests.dir/C_/Users/Cameron/Documents/Pico/pico-sdk/src/common/pico_util/pheap.c.obj
 *fill*         0x10007e01        0x3 
 .rodata.ph_remove_any_head.str1.4
                0x10007e04       0x9c CMakeFiles/pico_speed_tests.dir/C_/Users/Cameron/Documents/Pico/pico-sdk/src/common/pico_util/pheap.c.obj
 .rodata.ph_remove_and_free_node.str1.4
                0x10007ea0       0x26 CMakeFiles/pico_speed_tests.dir/C_/Users/Cameron/Documents/Pico/pico-sdk/src/common/pico_util/pheap.c.obj
 *fill*         0x10007ec6        0x2 
 .rodata.__func__.0
                0x10007ec8       0x18 CMakeFiles/pico_speed_tests.dir/C_/Users/Cameron/Documents/Pico/pico-sdk/src/common/pico_util/pheap.c.obj
 .rodata.__func__.1
                0x10007ee0       0x13 CMakeFiles/pico_speed_tests.dir/C_/Users/Cameron/Documents/Pico/pico-sdk/src/common/pico_util/pheap.c.obj
 *fill*         0x10007ef3        0x1 
 .rodata.__func__.2
                0x10007ef4       0x12 CMakeFiles/pico_speed_tests.dir/C_/Users/Cameron/Documents/Pico/pico-sdk/src/common/pico_util/pheap.c.obj
 *fill*         0x10007f06        0x2 
 .rodata.__func__.3
                0x10007f08        0xc CMakeFiles/pico_speed_tests.dir/C_/Users/Cameron/Documents/Pico/pico-sdk/src/common/pico_util/pheap.c.obj
 .rodata.__assert_func.str1.4
                0x10007f14       0x3f CMakeFiles/pico_speed_tests.dir/C_/Users/Cameron/Documents/Pico/pico-sdk/src/rp2_common/pico_runtime/runtime.c.obj
                                 0x43 (size before relaxing)
 *fill*         0x10007f53        0x1 
 .rodata.runtime_init.str1.4
                0x10007f54       0x6f CMakeFiles/pico_speed_tests.dir/C_/Users/Cameron/Documents/Pico/pico-sdk/src/rp2_common/pico_runtime/runtime.c.obj
 *fill*         0x10007fc3        0x1 
 .rodata.panic.str1.4
                0x10007fc4       0x10 CMakeFiles/pico_speed_tests.dir/C_/Users/Cameron/Documents/Pico/pico-sdk/src/rp2_common/pico_runtime/runtime.c.obj
                                 0x12 (size before relaxing)
 .rodata.__func__.1
                0x10007fd4        0xd CMakeFiles/pico_speed_tests.dir/C_/Users/Cameron/Documents/Pico/pico-sdk/src/rp2_common/pico_runtime/runtime.c.obj
 *fill*         0x10007fe1        0x3 
 .rodata.clock_configure.str1.4
                0x10007fe4       0x65 CMakeFiles/pico_speed_tests.dir/C_/Users/Cameron/Documents/Pico/pico-sdk/src/rp2_common/hardware_clocks/clocks.c.obj
 *fill*         0x10008049        0x3 
 .rodata.__func__.1
                0x1000804c       0x10 CMakeFiles/pico_speed_tests.dir/C_/Users/Cameron/Documents/Pico/pico-sdk/src/rp2_common/hardware_clocks/clocks.c.obj
 .rodata.make_branch.str1.4
                0x1000805c       0x5b CMakeFiles/pico_speed_tests.dir/C_/Users/Cameron/Documents/Pico/pico-sdk/src/rp2_common/hardware_irq/irq.c.obj
 *fill*         0x100080b7        0x1 
 .rodata.irq_set_exclusive_handler.str1.4
                0x100080b8       0x36 CMakeFiles/pico_speed_tests.dir/C_/Users/Cameron/Documents/Pico/pico-sdk/src/rp2_common/hardware_irq/irq.c.obj
 *fill*         0x100080ee        0x2 
 .rodata.irq_add_shared_handler.str1.4
                0x100080f0       0xd9 CMakeFiles/pico_speed_tests.dir/C_/Users/Cameron/Documents/Pico/pico-sdk/src/rp2_common/hardware_irq/irq.c.obj
 *fill*         0x100081c9        0x3 
 .rodata.irq_remove_handler.str1.4
                0x100081cc       0x2a CMakeFiles/pico_speed_tests.dir/C_/Users/Cameron/Documents/Pico/pico-sdk/src/rp2_common/hardware_irq/irq.c.obj
 *fill*         0x100081f6        0x2 
 .rodata.irq_add_tail_to_free_list.str1.4
                0x100081f8       0x32 CMakeFiles/pico_speed_tests.dir/C_/Users/Cameron/Documents/Pico/pico-sdk/src/rp2_common/hardware_irq/irq.c.obj
                                 0x3a (size before relaxing)
 *fill*         0x1000822a        0x2 
 .rodata.__func__.0
                0x1000822c       0x1a CMakeFiles/pico_speed_tests.dir/C_/Users/Cameron/Documents/Pico/pico-sdk/src/rp2_common/hardware_irq/irq.c.obj
 *fill*         0x10008246        0x2 
 .rodata.__func__.1
                0x10008248       0x17 CMakeFiles/pico_speed_tests.dir/C_/Users/Cameron/Documents/Pico/pico-sdk/src/rp2_common/hardware_irq/irq.c.obj
 *fill*         0x1000825f        0x1 
 .rodata.__func__.2
                0x10008260       0x13 CMakeFiles/pico_speed_tests.dir/C_/Users/Cameron/Documents/Pico/pico-sdk/src/rp2_common/hardware_irq/irq.c.obj
 *fill*         0x10008273        0x1 
 .rodata.__func__.3
                0x10008274        0xc CMakeFiles/pico_speed_tests.dir/C_/Users/Cameron/Documents/Pico/pico-sdk/src/rp2_common/hardware_irq/irq.c.obj
 .rodata.__func__.4
                0x10008280        0xf CMakeFiles/pico_speed_tests.dir/C_/Users/Cameron/Documents/Pico/pico-sdk/src/rp2_common/hardware_irq/irq.c.obj
 *fill*         0x1000828f        0x1 
 .rodata.__func__.6
                0x10008290       0x1a CMakeFiles/pico_speed_tests.dir/C_/Users/Cameron/Documents/Pico/pico-sdk/src/rp2_common/hardware_irq/irq.c.obj
 *fill*         0x100082aa        0x2 
 .rodata.pll_init.str1.4
                0x100082ac       0xe7 CMakeFiles/pico_speed_tests.dir/C_/Users/Cameron/Documents/Pico/pico-sdk/src/rp2_common/hardware_pll/pll.c.obj
 *fill*         0x10008393        0x1 
 .rodata.__func__.0
                0x10008394        0x9 CMakeFiles/pico_speed_tests.dir/C_/Users/Cameron/Documents/Pico/pico-sdk/src/rp2_common/hardware_pll/pll.c.obj
 *fill*         0x1000839d        0x3 
 .rodata._ftoa.str1.4
                0x100083a0       0x15 CMakeFiles/pico_speed_tests.dir/C_/Users/Cameron/Documents/Pico/pico-sdk/src/rp2_common/pico_printf/printf.c.obj
 *fill*         0x100083b5        0x3 
 .rodata._vsnprintf
                0x100083b8      0x1e0 CMakeFiles/pico_speed_tests.dir/C_/Users/Cameron/Documents/Pico/pico-sdk/src/rp2_common/pico_printf/printf.c.obj
 .rodata.pow10.0
                0x10008598       0x50 CMakeFiles/pico_speed_tests.dir/C_/Users/Cameron/Documents/Pico/pico-sdk/src/rp2_common/pico_printf/printf.c.obj
 .rodata.__aeabi_double_init.str1.4
                0x100085e8       0xb6 CMakeFiles/pico_speed_tests.dir/C_/Users/Cameron/Documents/Pico/pico-sdk/src/rp2_common/pico_double/double_init_rom.c.obj
 *fill*         0x1000869e        0x2 
 .rodata.__func__.0
                0x100086a0       0x14 CMakeFiles/pico_speed_tests.dir/C_/Users/Cameron/Documents/Pico/pico-sdk/src/rp2_common/pico_double/double_init_rom.c.obj
 .rodata.__aeabi_float_init.str1.4
                0x100086b4       0x88 CMakeFiles/pico_speed_tests.dir/C_/Users/Cameron/Documents/Pico/pico-sdk/src/rp2_common/pico_float/float_init_rom.c.obj
                                 0x8c (size before relaxing)
 .rodata.__func__.0
                0x1000873c       0x13 CMakeFiles/pico_speed_tests.dir/C_/Users/Cameron/Documents/Pico/pico-sdk/src/rp2_common/pico_float/float_init_rom.c.obj
 *fill*         0x1000874f        0x1 
 .rodata.str1.4
                0x10008750       0x4c CMakeFiles/pico_speed_tests.dir/C_/Users/Cameron/Documents/Pico/pico-sdk/src/rp2_common/pico_standard_link/binary_info.c.obj
 .rodata.__bi_44
                0x1000879c        0xc CMakeFiles/pico_speed_tests.dir/C_/Users/Cameron/Documents/Pico/pico-sdk/src/rp2_common/pico_standard_link/binary_info.c.obj
 .rodata.__bi_56
                0x100087a8        0xc CMakeFiles/pico_speed_tests.dir/C_/Users/Cameron/Documents/Pico/pico-sdk/src/rp2_common/pico_standard_link/binary_info.c.obj
 .rodata.__bi_75
                0x100087b4        0xc CMakeFiles/pico_speed_tests.dir/C_/Users/Cameron/Documents/Pico/pico-sdk/src/rp2_common/pico_standard_link/binary_info.c.obj
 .rodata.__bi_81
                0x100087c0        0xc CMakeFiles/pico_speed_tests.dir/C_/Users/Cameron/Documents/Pico/pico-sdk/src/rp2_common/pico_standard_link/binary_info.c.obj
 .rodata.crlf_str.3
                0x100087cc        0x2 CMakeFiles/pico_speed_tests.dir/C_/Users/Cameron/Documents/Pico/pico-sdk/src/rp2_common/pico_stdio/stdio.c.obj
 *fill*         0x100087ce        0x2 
 .rodata._resetd_driver
                0x100087d0       0x18 CMakeFiles/pico_speed_tests.dir/C_/Users/Cameron/Documents/Pico/pico-sdk/src/rp2_common/pico_stdio_usb/reset_interface.c.obj
 .rodata.stdio_usb_init.str1.4
                0x100087e8       0x6f CMakeFiles/pico_speed_tests.dir/C_/Users/Cameron/Documents/Pico/pico-sdk/src/rp2_common/pico_stdio_usb/stdio_usb.c.obj
 .rodata.str1.4
                0x100087e8       0x13 CMakeFiles/pico_speed_tests.dir/C_/Users/Cameron/Documents/Pico/pico-sdk/src/rp2_common/pico_stdio_usb/stdio_usb.c.obj
 *fill*         0x100087fb        0x1 
 .rodata.__bi_93.1
                0x100087fc        0xc CMakeFiles/pico_speed_tests.dir/C_/Users/Cameron/Documents/Pico/pico-sdk/src/rp2_common/pico_stdio_usb/stdio_usb.c.obj
 .rodata.__func__.0
                0x10008808       0x15 CMakeFiles/pico_speed_tests.dir/C_/Users/Cameron/Documents/Pico/pico-sdk/src/rp2_common/pico_stdio_usb/stdio_usb.c.obj
 *fill*         0x1000881d        0x3 
 .rodata.str1.4
                0x10008820       0x2a CMakeFiles/pico_speed_tests.dir/C_/Users/Cameron/Documents/Pico/pico-sdk/src/rp2_common/pico_stdio_usb/stdio_usb_descriptors.c.obj
 *fill*         0x1000884a        0x2 
 .rodata.usbd_desc_cfg
                0x1000884c       0x54 CMakeFiles/pico_speed_tests.dir/C_/Users/Cameron/Documents/Pico/pico-sdk/src/rp2_common/pico_stdio_usb/stdio_usb_descriptors.c.obj
 .rodata.usbd_desc_device
                0x100088a0       0x12 CMakeFiles/pico_speed_tests.dir/C_/Users/Cameron/Documents/Pico/pico-sdk/src/rp2_common/pico_stdio_usb/stdio_usb_descriptors.c.obj
 *fill*         0x100088b2        0x2 
 .rodata.usbd_desc_str
                0x100088b4       0x18 CMakeFiles/pico_speed_tests.dir/C_/Users/Cameron/Documents/Pico/pico-sdk/src/rp2_common/pico_stdio_usb/stdio_usb_descriptors.c.obj
 .rodata._hw_endpoint_alloc.str1.4
                0x100088cc       0xc5 CMakeFiles/pico_speed_tests.dir/C_/Users/Cameron/Documents/Pico/pico-sdk/lib/tinyusb/src/portable/raspberrypi/rp2040/dcd_rp2040.c.obj
 *fill*         0x10008991        0x3 
 .rodata.dcd_rp2040_irq.str1.4
                0x10008994       0x14 CMakeFiles/pico_speed_tests.dir/C_/Users/Cameron/Documents/Pico/pico-sdk/lib/tinyusb/src/portable/raspberrypi/rp2040/dcd_rp2040.c.obj
 .rodata.dcd_int_enable.str1.4
                0x100089a8        0xc CMakeFiles/pico_speed_tests.dir/C_/Users/Cameron/Documents/Pico/pico-sdk/lib/tinyusb/src/portable/raspberrypi/rp2040/dcd_rp2040.c.obj
 .rodata.__func__.0
                0x100089b4        0xe CMakeFiles/pico_speed_tests.dir/C_/Users/Cameron/Documents/Pico/pico-sdk/lib/tinyusb/src/portable/raspberrypi/rp2040/dcd_rp2040.c.obj
 *fill*         0x100089c2        0x2 
 .rodata.__func__.1
                0x100089c4        0xe CMakeFiles/pico_speed_tests.dir/C_/Users/Cameron/Documents/Pico/pico-sdk/lib/tinyusb/src/portable/raspberrypi/rp2040/dcd_rp2040.c.obj
 *fill*         0x100089d2        0x2 
 .rodata.__func__.3
                0x100089d4       0x10 CMakeFiles/pico_speed_tests.dir/C_/Users/Cameron/Documents/Pico/pico-sdk/lib/tinyusb/src/portable/raspberrypi/rp2040/dcd_rp2040.c.obj
 .rodata.__func__.5
                0x100089e4        0xf CMakeFiles/pico_speed_tests.dir/C_/Users/Cameron/Documents/Pico/pico-sdk/lib/tinyusb/src/portable/raspberrypi/rp2040/dcd_rp2040.c.obj
 *fill*         0x100089f3        0x1 
 .rodata.__func__.6
                0x100089f4       0x13 CMakeFiles/pico_speed_tests.dir/C_/Users/Cameron/Documents/Pico/pico-sdk/lib/tinyusb/src/portable/raspberrypi/rp2040/dcd_rp2040.c.obj
 *fill*         0x10008a07        0x1 
 .rodata.__func__.7
                0x10008a08        0x9 CMakeFiles/pico_speed_tests.dir/C_/Users/Cameron/Documents/Pico/pico-sdk/lib/tinyusb/src/portable/raspberrypi/rp2040/dcd_rp2040.c.obj
 *fill*         0x10008a11        0x3 
 .rodata.sync_ep_buffer.str1.4
                0x10008a14       0xa1 CMakeFiles/pico_speed_tests.dir/C_/Users/Cameron/Documents/Pico/pico-sdk/lib/tinyusb/src/portable/raspberrypi/rp2040/rp2040_usb.c.obj
 *fill*         0x10008ab5        0x3 
 .rodata._hw_endpoint_buffer_control_update32.str1.4
                0x10008ab8       0x1f CMakeFiles/pico_speed_tests.dir/C_/Users/Cameron/Documents/Pico/pico-sdk/lib/tinyusb/src/portable/raspberrypi/rp2040/rp2040_usb.c.obj
 *fill*         0x10008ad7        0x1 
 .rodata.hw_endpoint_xfer_start.str1.4
                0x10008ad8       0x38 CMakeFiles/pico_speed_tests.dir/C_/Users/Cameron/Documents/Pico/pico-sdk/lib/tinyusb/src/portable/raspberrypi/rp2040/rp2040_usb.c.obj
 .rodata.hw_endpoint_xfer_continue.str1.4
                0x10008b10       0x29 CMakeFiles/pico_speed_tests.dir/C_/Users/Cameron/Documents/Pico/pico-sdk/lib/tinyusb/src/portable/raspberrypi/rp2040/rp2040_usb.c.obj
 *fill*         0x10008b39        0x3 
 .rodata.str1.4
                0x10008b3c        0x7 CMakeFiles/pico_speed_tests.dir/C_/Users/Cameron/Documents/Pico/pico-sdk/lib/tinyusb/src/portable/raspberrypi/rp2040/rp2040_usb.c.obj
 *fill*         0x10008b43        0x1 
 .rodata.__func__.0
                0x10008b44        0xf CMakeFiles/pico_speed_tests.dir/C_/Users/Cameron/Documents/Pico/pico-sdk/lib/tinyusb/src/portable/raspberrypi/rp2040/rp2040_usb.c.obj
 *fill*         0x10008b53        0x1 
 .rodata.process_set_config.str1.4
                0x10008b54       0x17 CMakeFiles/pico_speed_tests.dir/C_/Users/Cameron/Documents/Pico/pico-sdk/lib/tinyusb/src/device/usbd.c.obj
 *fill*         0x10008b6b        0x1 
 .rodata.process_get_descriptor
                0x10008b6c       0x40 CMakeFiles/pico_speed_tests.dir/C_/Users/Cameron/Documents/Pico/pico-sdk/lib/tinyusb/src/device/usbd.c.obj
 .rodata.process_control_request
                0x10008bac       0x28 CMakeFiles/pico_speed_tests.dir/C_/Users/Cameron/Documents/Pico/pico-sdk/lib/tinyusb/src/device/usbd.c.obj
 .rodata.tud_task
                0x10008bd4       0x24 CMakeFiles/pico_speed_tests.dir/C_/Users/Cameron/Documents/Pico/pico-sdk/lib/tinyusb/src/device/usbd.c.obj
 .rodata.__func__.2
                0x10008bf8        0xf CMakeFiles/pico_speed_tests.dir/C_/Users/Cameron/Documents/Pico/pico-sdk/lib/tinyusb/src/device/usbd.c.obj
 *fill*         0x10008c07        0x1 
 .rodata.__func__.3
                0x10008c08        0xf CMakeFiles/pico_speed_tests.dir/C_/Users/Cameron/Documents/Pico/pico-sdk/lib/tinyusb/src/device/usbd.c.obj
 *fill*         0x10008c17        0x1 
 .rodata.__func__.4
                0x10008c18       0x14 CMakeFiles/pico_speed_tests.dir/C_/Users/Cameron/Documents/Pico/pico-sdk/lib/tinyusb/src/device/usbd.c.obj
 .rodata.__func__.5
                0x10008c2c       0x10 CMakeFiles/pico_speed_tests.dir/C_/Users/Cameron/Documents/Pico/pico-sdk/lib/tinyusb/src/device/usbd.c.obj
 .rodata.__func__.6
                0x10008c3c       0x17 CMakeFiles/pico_speed_tests.dir/C_/Users/Cameron/Documents/Pico/pico-sdk/lib/tinyusb/src/device/usbd.c.obj
 *fill*         0x10008c53        0x1 
 .rodata.__func__.7
                0x10008c54       0x13 CMakeFiles/pico_speed_tests.dir/C_/Users/Cameron/Documents/Pico/pico-sdk/lib/tinyusb/src/device/usbd.c.obj
 *fill*         0x10008c67        0x1 
 .rodata.__func__.8
                0x10008c68       0x18 CMakeFiles/pico_speed_tests.dir/C_/Users/Cameron/Documents/Pico/pico-sdk/lib/tinyusb/src/device/usbd.c.obj
 .rodata.__func__.9
                0x10008c80        0x9 CMakeFiles/pico_speed_tests.dir/C_/Users/Cameron/Documents/Pico/pico-sdk/lib/tinyusb/src/device/usbd.c.obj
 *fill*         0x10008c89        0x3 
 .rodata._usbd_driver
                0x10008c8c       0x18 CMakeFiles/pico_speed_tests.dir/C_/Users/Cameron/Documents/Pico/pico-sdk/lib/tinyusb/src/device/usbd.c.obj
 .rodata.tud_control_xfer.str1.4
                0x10008ca4       0x17 CMakeFiles/pico_speed_tests.dir/C_/Users/Cameron/Documents/Pico/pico-sdk/lib/tinyusb/src/device/usbd_control.c.obj
 .rodata.__func__.0
                0x10008ca4       0x15 CMakeFiles/pico_speed_tests.dir/C_/Users/Cameron/Documents/Pico/pico-sdk/lib/tinyusb/src/device/usbd_control.c.obj
 *fill*         0x10008cb9        0x3 
 .rodata.__func__.1
                0x10008cbc       0x11 CMakeFiles/pico_speed_tests.dir/C_/Users/Cameron/Documents/Pico/pico-sdk/lib/tinyusb/src/device/usbd_control.c.obj
 .rodata.tud_cdc_n_write_flush.str1.4
                0x10008ccd       0x17 CMakeFiles/pico_speed_tests.dir/C_/Users/Cameron/Documents/Pico/pico-sdk/lib/tinyusb/src/class/cdc/cdc_device.c.obj
 *fill*         0x10008ccd        0x3 
 .rodata.__func__.0
                0x10008cd0        0xd CMakeFiles/pico_speed_tests.dir/C_/Users/Cameron/Documents/Pico/pico-sdk/lib/tinyusb/src/class/cdc/cdc_device.c.obj
 *fill*         0x10008cdd        0x3 
 .rodata.__func__.1
                0x10008ce0        0xa CMakeFiles/pico_speed_tests.dir/C_/Users/Cameron/Documents/Pico/pico-sdk/lib/tinyusb/src/class/cdc/cdc_device.c.obj
 *fill*         0x10008cea        0x2 
 .rodata.__func__.2
                0x10008cec       0x16 CMakeFiles/pico_speed_tests.dir/C_/Users/Cameron/Documents/Pico/pico-sdk/lib/tinyusb/src/class/cdc/cdc_device.c.obj
 .rodata.tusb_init.str1.4
                0x10008d02       0x17 CMakeFiles/pico_speed_tests.dir/C_/Users/Cameron/Documents/Pico/pico-sdk/lib/tinyusb/src/tusb.c.obj
 *fill*         0x10008d02        0x2 
 .rodata.__func__.0
                0x10008d04       0x11 CMakeFiles/pico_speed_tests.dir/C_/Users/Cameron/Documents/Pico/pico-sdk/lib/tinyusb/src/tusb.c.obj
 *fill*         0x10008d15        0x3 
 .rodata.__func__.1
                0x10008d18        0xa CMakeFiles/pico_speed_tests.dir/C_/Users/Cameron/Documents/Pico/pico-sdk/lib/tinyusb/src/tusb.c.obj
 *fill*         0x10008d22        0x2 
 .rodata.pico_get_unique_board_id_string.str1.4
                0x10008d24       0x5b CMakeFiles/pico_speed_tests.dir/C_/Users/Cameron/Documents/Pico/pico-sdk/src/rp2_common/pico_unique_id/unique_id.c.obj
 *fill*         0x10008d7f        0x1 
 .rodata.__func__.0
                0x10008d80       0x20 CMakeFiles/pico_speed_tests.dir/C_/Users/Cameron/Documents/Pico/pico-sdk/src/rp2_common/pico_unique_id/unique_id.c.obj
 .rodata.str1.4
                0x10008da0      0x166 CMakeFiles/pico_speed_tests.dir/C_/Users/Cameron/Documents/Pico/pico-sdk/src/rp2_common/hardware_flash/flash.c.obj
 *fill*         0x10008f06        0x2 
 .rodata.__func__.0
                0x10008f08        0xd CMakeFiles/pico_speed_tests.dir/C_/Users/Cameron/Documents/Pico/pico-sdk/src/rp2_common/hardware_flash/flash.c.obj
                0x10008f18                . = ALIGN (0x4)
 *fill*         0x10008f15        0x3 
 *(SORT_BY_ALIGNMENT(SORT_BY_NAME(.flashdata*)))
                0x10008f18                . = ALIGN (0x4)

.ARM.extab      0x10008f18       0x30
 *(.ARM.extab* .gnu.linkonce.armextab.*)
 .ARM.extab     0x10008f18       0x24 c:/progra~2/gnuarm~1/102021~1.10/bin/../lib/gcc/arm-none-eabi/10.3.1/thumb/v6-m/nofp\libgcc.a(unwind-arm.o)
 .ARM.extab     0x10008f3c        0xc c:/progra~2/gnuarm~1/102021~1.10/bin/../lib/gcc/arm-none-eabi/10.3.1/thumb/v6-m/nofp\libgcc.a(pr-support.o)
                0x10008f48                __exidx_start = .

.ARM.exidx      0x10008f48       0xd8
 *(.ARM.exidx* .gnu.linkonce.armexidx.*)
 .ARM.exidx.text._Z19float_mul_gr_0_testm
                0x10008f48        0x8 CMakeFiles/pico_speed_tests.dir/pico_speed_tests.cpp.obj
 .ARM.exidx.text._Z19float_mul_ls_0_testm
                0x10008f50        0x0 CMakeFiles/pico_speed_tests.dir/pico_speed_tests.cpp.obj
                                  0x8 (size before relaxing)
 .ARM.exidx.text._Z19float_div_ls_0_testm
                0x10008f50        0x0 CMakeFiles/pico_speed_tests.dir/pico_speed_tests.cpp.obj
                                  0x8 (size before relaxing)
 .ARM.exidx.text._Z19float_div_gr_0_testm
                0x10008f50        0x0 CMakeFiles/pico_speed_tests.dir/pico_speed_tests.cpp.obj
                                  0x8 (size before relaxing)
 .ARM.exidx.text._Z19float_add_gr_0_testm